Archive member included because of file (symbol)

/cygdrive/c/altera/10.1sp1/nios2eds/bin/nios2-gnutools/H-i686-pc-cygwin/bin/../lib/gcc/nios2-elf/3.4.6/mno-hw-mul/libgcc.a(_muldi3.o)
                              obj/EplDllk.o (__muldi3)
/cygdrive/c/altera/10.1sp1/nios2eds/bin/nios2-gnutools/H-i686-pc-cygwin/bin/../lib/gcc/nios2-elf/3.4.6/mno-hw-mul/libgcc.a(_gt_sf.o)
                              obj/EplObd.o (__gtsf2)
/cygdrive/c/altera/10.1sp1/nios2eds/bin/nios2-gnutools/H-i686-pc-cygwin/bin/../lib/gcc/nios2-elf/3.4.6/mno-hw-mul/libgcc.a(_lt_sf.o)
                              obj/EplObd.o (__ltsf2)
/cygdrive/c/altera/10.1sp1/nios2eds/bin/nios2-gnutools/H-i686-pc-cygwin/bin/../lib/gcc/nios2-elf/3.4.6/mno-hw-mul/libgcc.a(_gt_df.o)
                              obj/EplObd.o (__gtdf2)
/cygdrive/c/altera/10.1sp1/nios2eds/bin/nios2-gnutools/H-i686-pc-cygwin/bin/../lib/gcc/nios2-elf/3.4.6/mno-hw-mul/libgcc.a(_lt_df.o)
                              obj/EplObd.o (__ltdf2)
/cygdrive/c/altera/10.1sp1/nios2eds/bin/nios2-gnutools/H-i686-pc-cygwin/bin/../lib/gcc/nios2-elf/3.4.6/mno-hw-mul/libgcc.a(lib2-divmod.o)
                              obj/EdrvOpenMac.o (__udivsi3)
/cygdrive/c/altera/10.1sp1/nios2eds/bin/nios2-gnutools/H-i686-pc-cygwin/bin/../lib/gcc/nios2-elf/3.4.6/mno-hw-mul/libgcc.a(lib2-mul.o)
                              obj/main.o (__mulsi3)
/cygdrive/c/altera/10.1sp1/nios2eds/bin/nios2-gnutools/H-i686-pc-cygwin/bin/../lib/gcc/nios2-elf/3.4.6/mno-hw-mul/libgcc.a(_unpack_sf.o)
                              /cygdrive/c/altera/10.1sp1/nios2eds/bin/nios2-gnutools/H-i686-pc-cygwin/bin/../lib/gcc/nios2-elf/3.4.6/mno-hw-mul/libgcc.a(_gt_sf.o) (__unpack_f)
/cygdrive/c/altera/10.1sp1/nios2eds/bin/nios2-gnutools/H-i686-pc-cygwin/bin/../lib/gcc/nios2-elf/3.4.6/mno-hw-mul/libgcc.a(_fpcmp_parts_sf.o)
                              /cygdrive/c/altera/10.1sp1/nios2eds/bin/nios2-gnutools/H-i686-pc-cygwin/bin/../lib/gcc/nios2-elf/3.4.6/mno-hw-mul/libgcc.a(_gt_sf.o) (__fpcmp_parts_f)
/cygdrive/c/altera/10.1sp1/nios2eds/bin/nios2-gnutools/H-i686-pc-cygwin/bin/../lib/gcc/nios2-elf/3.4.6/mno-hw-mul/libgcc.a(_unpack_df.o)
                              /cygdrive/c/altera/10.1sp1/nios2eds/bin/nios2-gnutools/H-i686-pc-cygwin/bin/../lib/gcc/nios2-elf/3.4.6/mno-hw-mul/libgcc.a(_gt_df.o) (__unpack_d)
/cygdrive/c/altera/10.1sp1/nios2eds/bin/nios2-gnutools/H-i686-pc-cygwin/bin/../lib/gcc/nios2-elf/3.4.6/mno-hw-mul/libgcc.a(_fpcmp_parts_df.o)
                              /cygdrive/c/altera/10.1sp1/nios2eds/bin/nios2-gnutools/H-i686-pc-cygwin/bin/../lib/gcc/nios2-elf/3.4.6/mno-hw-mul/libgcc.a(_gt_df.o) (__fpcmp_parts_d)
/cygdrive/c/altera/10.1sp1/nios2eds/bin/nios2-gnutools/H-i686-pc-cygwin/bin/../lib/gcc/nios2-elf/3.4.6/../../../../nios2-elf/lib/mno-hw-mul/libc.a(calloc.o)
                              obj/omethlib.o (calloc)
/cygdrive/c/altera/10.1sp1/nios2eds/bin/nios2-gnutools/H-i686-pc-cygwin/bin/../lib/gcc/nios2-elf/3.4.6/../../../../nios2-elf/lib/mno-hw-mul/libc.a(callocr.o)
                              /cygdrive/c/altera/10.1sp1/nios2eds/bin/nios2-gnutools/H-i686-pc-cygwin/bin/../lib/gcc/nios2-elf/3.4.6/../../../../nios2-elf/lib/mno-hw-mul/libc.a(calloc.o) (_calloc_r)
/cygdrive/c/altera/10.1sp1/nios2eds/bin/nios2-gnutools/H-i686-pc-cygwin/bin/../lib/gcc/nios2-elf/3.4.6/../../../../nios2-elf/lib/mno-hw-mul/libc.a(impure.o)
                              /cygdrive/c/altera/10.1sp1/nios2eds/bin/nios2-gnutools/H-i686-pc-cygwin/bin/../lib/gcc/nios2-elf/3.4.6/../../../../nios2-elf/lib/mno-hw-mul/libc.a(calloc.o) (_impure_ptr)
/cygdrive/c/altera/10.1sp1/nios2eds/bin/nios2-gnutools/H-i686-pc-cygwin/bin/../lib/gcc/nios2-elf/3.4.6/../../../../nios2-elf/lib/mno-hw-mul/libc.a(malloc.o)
                              obj/main.o (malloc)
/cygdrive/c/altera/10.1sp1/nios2eds/bin/nios2-gnutools/H-i686-pc-cygwin/bin/../lib/gcc/nios2-elf/3.4.6/../../../../nios2-elf/lib/mno-hw-mul/libc.a(mallocr.o)
                              /cygdrive/c/altera/10.1sp1/nios2eds/bin/nios2-gnutools/H-i686-pc-cygwin/bin/../lib/gcc/nios2-elf/3.4.6/../../../../nios2-elf/lib/mno-hw-mul/libc.a(callocr.o) (_malloc_r)
/cygdrive/c/altera/10.1sp1/nios2eds/bin/nios2-gnutools/H-i686-pc-cygwin/bin/../lib/gcc/nios2-elf/3.4.6/../../../../nios2-elf/lib/mno-hw-mul/libc.a(memcmp.o)
                              obj/EplDllk.o (memcmp)
/cygdrive/c/altera/10.1sp1/nios2eds/bin/nios2-gnutools/H-i686-pc-cygwin/bin/../lib/gcc/nios2-elf/3.4.6/../../../../nios2-elf/lib/mno-hw-mul/libc.a(memcpy.o)
                              obj/main.o (memcpy)
/cygdrive/c/altera/10.1sp1/nios2eds/bin/nios2-gnutools/H-i686-pc-cygwin/bin/../lib/gcc/nios2-elf/3.4.6/../../../../nios2-elf/lib/mno-hw-mul/libc.a(memset.o)
                              obj/EdrvOpenMac.o (memset)
/cygdrive/c/altera/10.1sp1/nios2eds/bin/nios2-gnutools/H-i686-pc-cygwin/bin/../lib/gcc/nios2-elf/3.4.6/../../../../nios2-elf/lib/mno-hw-mul/libc.a(puts.o)
                              obj/main.o (puts)
[...]
Memory Configuration

Name             Origin             Length             Attributes
epcs_flash_controller_0 0x00000000         0x00000800
reset            0x01080000         0x00000020
sram_0           0x01080020         0x0007ffe0
tc_i_mem_pcp     0x02000000         0x00000800
*default*        0x00000000         0xffffffff

Linker script and memory map

LOAD ./bsp/obj/HAL/src/crt0.o
LOAD obj/lcd.o
LOAD obj/main.o
LOAD obj/Objdict.o
LOAD obj/EdrvOpenMac.o
LOAD obj/EplTgtTimeStamp_OpenMac.o
LOAD obj/EplTimerSynck_OpenMac.o
LOAD obj/omethlib.o
LOAD obj/omethlibint.o
LOAD obj/EplApiGeneric.o
LOAD obj/EplDllk.o
LOAD obj/EplDllkCal.o
LOAD obj/EplDlluCal.o
LOAD obj/EplErrorHandlerk.o
LOAD obj/EplEventk.o
LOAD obj/EplEventu.o
LOAD obj/EplLedu.o
LOAD obj/EplNmtCnu.o
LOAD obj/EplNmtk.o
LOAD obj/EplNmtu.o
LOAD obj/EplObd.o
LOAD obj/EplPdok.o
LOAD obj/EplPdokCal.o
LOAD obj/EplPdou.o
LOAD obj/EplPdouCal.o
LOAD obj/EplSdoAsndu.o
LOAD obj/EplSdoAsySequ.o
LOAD obj/EplSdoComu.o
LOAD obj/EplTimeruGeneric.o
LOAD obj/amiarm.o
LOAD obj/SharedBuff.o
LOAD obj/ShbIpc-NoOS.o
LOAD obj/ShbTarget_Nios2.o
LOAD obj/boot.o
LOAD obj/fpgaCfg.o
LOAD obj/fwUpdate.o
LOAD obj/crc32.o
LOAD /cygdrive/c/altera/10.1sp1/nios2eds/bin/nios2-gnutools/H-i686-pc-cygwin/bin/../lib/gcc/nios2-elf/3.4.6/../../../../nios2-elf/lib/mno-hw-mul/libstdc++.a
LOAD /cygdrive/c/altera/10.1sp1/nios2eds/bin/nios2-gnutools/H-i686-pc-cygwin/bin/../lib/gcc/nios2-elf/3.4.6/../../../../nios2-elf/lib/mno-hw-mul/libm.a
LOAD /cygdrive/c/altera/10.1sp1/nios2eds/bin/nios2-gnutools/H-i686-pc-cygwin/bin/../lib/gcc/nios2-elf/3.4.6/mno-hw-mul/libgcc.a
START GROUP
LOAD /cygdrive/c/altera/10.1sp1/nios2eds/bin/nios2-gnutools/H-i686-pc-cygwin/bin/../lib/gcc/nios2-elf/3.4.6/../../../../nios2-elf/lib/mno-hw-mul/libc.a
LOAD /cygdrive/c/altera/10.1sp1/nios2eds/bin/nios2-gnutools/H-i686-pc-cygwin/bin/../lib/gcc/nios2-elf/3.4.6/mno-hw-mul/libgcc.a
LOAD ./bsp/libhal_bsp.a
END GROUP
LOAD /cygdrive/c/altera/10.1sp1/nios2eds/bin/nios2-gnutools/H-i686-pc-cygwin/bin/../lib/gcc/nios2-elf/3.4.6/mno-hw-mul/libgcc.a
                0x00000000                __alt_mem_epcs_flash_controller_0 = 0x0
                0x01080000                __alt_mem_sram_0 = 0x1080000
                0x02000000                __alt_mem_tc_i_mem_pcp = 0x2000000

.entry          0x01080000       0x20
 *(.entry)
 .entry         0x01080000       0x20 ./bsp/obj/HAL/src/crt0.o
                0x01080000                __reset

.exceptions     0x02000000      0x130 load address 0x01080020
                0x02000000                PROVIDE (__ram_exceptions_start, <code 336> (.))
                0x02000000                . = ALIGN (0x20)
 *(.irq)
 *(.exceptions.entry.label)
 *(.exceptions.entry.user)
 *(.exceptions.entry)
 .exceptions.entry
                0x02000000       0x54 ./bsp/libhal_bsp.a(alt_exception_entry.o)
 *(.exceptions.irqtest.user)
 *(.exceptions.irqtest)
 .exceptions.irqtest
                0x02000054       0x10 ./bsp/libhal_bsp.a(alt_irq_entry.o)
 *(.exceptions.irqhandler.user)
 *(.exceptions.irqhandler)
 .exceptions.irqhandler
                0x02000064        0x4 ./bsp/libhal_bsp.a(alt_irq_entry.o)
 *(.exceptions.irqreturn.user)
 *(.exceptions.irqreturn)
 .exceptions.irqreturn
                0x02000068        0x4 ./bsp/libhal_bsp.a(alt_irq_entry.o)
 *(.exceptions.notirq.label)
 *(.exceptions.notirq.user)
 *(.exceptions.notirq)
 .exceptions.notirq
                0x0200006c        0x8 ./bsp/libhal_bsp.a(alt_exception_entry.o)
 *(.exceptions.soft.user)
 *(.exceptions.soft)
 *(.exceptions.unknown.user)
 *(.exceptions.unknown)
 .exceptions.unknown
                0x02000074        0x4 ./bsp/libhal_bsp.a(alt_exception_entry.o)
 *(.exceptions.exit.label)
 *(.exceptions.exit.user)
 *(.exceptions.exit)
 .exceptions.exit
                0x02000078       0x54 ./bsp/libhal_bsp.a(alt_exception_entry.o)
 *(.exceptions)
 .exceptions    0x020000cc       0x64 ./bsp/libhal_bsp.a(alt_irq_handler.o)
                0x020000cc                alt_irq_handler
                0x02000130                PROVIDE (__ram_exceptions_end, <code 336> (.))
                0x01080020                PROVIDE (__flash_exceptions_start, LOADADDR (.exceptions))

.text           0x01080150    0x18fb8 load address 0x01080150
                0x01080150                PROVIDE (stext, <code 336> (.))
 *(.interp)
 *(.hash)
 *(.dynsym)
 *(.dynstr)
 *(.gnu.version)
 *(.gnu.version_d)
 *(.gnu.version_r)
 *(.rel.init)
 *(.rela.init)
 *(.rel.text .rel.text.* .rel.gnu.linkonce.t.*)
 *(.rela.text .rela.text.* .rela.gnu.linkonce.t.*)
 *(.rel.fini)
 *(.rela.fini)
 *(.rel.rodata .rel.rodata.* .rel.gnu.linkonce.r.*)
 *(.rela.rodata .rela.rodata.* .rela.gnu.linkonce.r.*)
 *(.rel.data .rel.data.* .rel.gnu.linkonce.d.*)
 *(.rela.data .rela.data.* .rela.gnu.linkonce.d.*)
 *(.rel.tdata .rel.tdata.* .rel.gnu.linkonce.td.*)
 *(.rela.tdata .rela.tdata.* .rela.gnu.linkonce.td.*)
 *(.rel.tbss .rel.tbss.* .rel.gnu.linkonce.tb.*)
 *(.rela.tbss .rela.tbss.* .rela.gnu.linkonce.tb.*)
 *(.rel.ctors)
 *(.rela.ctors)
 *(.rel.dtors)
 *(.rela.dtors)
 *(.rel.got)
 *(.rela.got)
 *(.rel.sdata .rel.sdata.* .rel.gnu.linkonce.s.*)
 *(.rela.sdata .rela.sdata.* .rela.gnu.linkonce.s.*)
 *(.rel.sbss .rel.sbss.* .rel.gnu.linkonce.sb.*)
 *(.rela.sbss .rela.sbss.* .rela.gnu.linkonce.sb.*)
 *(.rel.sdata2 .rel.sdata2.* .rel.gnu.linkonce.s2.*)
 *(.rela.sdata2 .rela.sdata2.* .rela.gnu.linkonce.s2.*)
 *(.rel.sbss2 .rel.sbss2.* .rel.gnu.linkonce.sb2.*)
 *(.rela.sbss2 .rela.sbss2.* .rela.gnu.linkonce.sb2.*)
 *(.rel.bss .rel.bss.* .rel.gnu.linkonce.b.*)
 *(.rela.bss .rela.bss.* .rela.gnu.linkonce.b.*)
 *(.rel.plt)
 *(.rela.plt)
 *(.rel.dyn)
 *(.init)
 *(.plt)
 *(.text .stub .text.* .gnu.linkonce.t.*)
 .text          0x01080150       0x3c ./bsp/obj/HAL/src/crt0.o
                0x01080150                _start
 .text          0x0108018c      0xf60 obj/main.o
                0x010809f4                InitPortConfiguration
                0x01080a5c                AppCbEvent
                0x01080308                EplAppDefObdAccCleanupHistory
                0x01080848                EplAppDefObdAccWriteSegmentedAbortCb
                0x01080d3c                AppCbSync
                0x01080968                rebootCN
                0x010803b4                EplAppDefObdAccCleanupAllPending
                0x0108022c                EplAppDefObdAccFinished
                0x01081040                main
                0x01080870                EplAppDefObdAccWriteSegmentedFinishCb
                0x01080db4                GetNodeId
                0x010809c0                getImageSwVersions
                0x01080dc4                openPowerlink
 .text          0x010810ec       0x28 obj/Objdict.o
                0x010810ec                EplObdInitRam
 .text          0x01081114      0xb8c obj/EdrvOpenMac.o
                0x01081698                EdrvSendTxMsg
                0x01081424                EdrvShutdown
                0x01081acc                EdrvTxMsgReady
                0x01081abc                EdrvDefineRxMacAddrEntry
                0x01081114                EdrvInit
                0x01081618                EdrvUpdateTxMsgBuffer
                0x01081470                EdrvAllocTxMsgBuffer
                0x01081578                EdrvReleaseTxMsgBuffer
                0x01081740                EdrvChangeFilter
                0x01081ad4                EdrvTxMsgStart
                0x01081ac4                EdrvUndefineRxMacAddrEntry
 .text          0x01081ca0       0x50 obj/EplTgtTimeStamp_OpenMac.o
                0x01081cd8                EplTgtTimeStampFree
                0x01081ca0                EplTgtTimeStampTimeDiffNs
                0x01081ce4                EplTgtTimeStampCopy
                0x01081cc8                EplTgtTimeStampAlloc
 .text          0x01081cf0      0x758 obj/EplTimerSynck_OpenMac.o
                0x01081e2c                EplTimerSynckSetLossOfSyncToleranceNs
                0x01081d04                EplTimerSynckRegLossOfSyncHandler
                0x01081e54                EplTimerSynckSetCycleLenUs
                0x01081d18                EplTimerSynckRegLossOfSyncHandler2
                0x01081ee0                EplTimerSynckDelInstance
                0x010820a8                EplTimerSynckStopSync
                0x01081cf0                EplTimerSynckRegSyncHandler
                0x01081f2c                EplTimerSynckAddInstance
                0x01081d2c                EplTimerSynckSetSyncShiftUs
                0x01081d58                EplTimerSynckSetLossOfSyncTolerance2Ns
                0x01082148                EplTimerSynckTriggerAtTimeStamp
 .text          0x01082448     0x1f80 obj/omethlib.o
                0x010836f4                omethTransmitPending
                0x01083294                omethResponseSet
                0x0108246c                omethMiiControl
                0x010834cc                omethResponseCount
                0x01082698                omethPhyHardwareAdr
                0x01084354                omethRxTxIrqHandlerMux
                0x01083074                omethFilterSetHubPort
                0x01083800                omethNoFilterMatchIrqHandler
                0x01083280                omethResponseInit
                0x01083830                omethDestroy
                0x010835f4                omethTransmitArg2
                0x01082520                omethPhyRead
                0x01082788                omethGetLinkSpeed
                0x01083670                omethTransmitTime
                0x010827b8                omethPhyReadNonBlocking
                0x01082fec                omethFilterSetByteMask
                0x010837d8                omethStop
                0x010837f0                omethStatistics
                0x01082e3c                omethFilterCreate
                0x01082510                omethInit
                0x01083410                omethResponseTime
                0x01083954                omethCreate
                0x010830b8                omethFilterEnable
                0x01082da0                omethHookSetFunction
                0x010827a8                omethGetConfigMode
                0x010834e8                omethResponseCountReset
                0x010833c4                omethResponseLink
                0x01082dc0                omethFilterSetPattern
                0x010831a0                omethResponseInitBuf
                0x0108301c                omethFilterSetHook
                0x0108286c                omethPeriodic
                0x0108346c                omethResponseEnable
                0x010827a0                omethGetRxBufBase
                0x010842ec                omethRxIrqHandlerMux
                0x01082840                omethPhySetHalfDuplex
                0x01083030                omethFilterSetNoMatchIRQ
                0x01084320                omethTxIrqHandlerMux
                0x01083008                omethFilterSetArgument
                0x01082448                omethPacketFree
                0x010834fc                omethTransmit
                0x01083438                omethResponseDisable
                0x01082c3c                omethHookCreate
                0x01082670                omethGetHandle
                0x01083708                omethStart
                0x01082708                omethPhyLinkState
                0x01082798                omethGetTxBufBase
                0x010830d4                omethSetSCNM
                0x01082f14                omethFilterCreateX
                0x010826bc                omethPhyInfo
                0x01083578                omethTransmitArg
                0x010825cc                omethPhyWrite
 .text          0x010843c8      0x3f0 obj/omethlibint.o
                0x01084400                omethRxIrqHandler
                0x010843c8                omethFilterDisable
                0x010845c4                omethTxIrqHandler
                0x010843e4                omethFilterSetByteValue
                0x010847a8                omethGetTimestamp
 .text          0x010847b8     0x1404 obj/EplApiGeneric.o
                0x01084e60                EplApiWriteLocalObject
                0x01085500                EplApiCbObdAccess
                0x010849bc                EplApiShutdown
                0x01084e1c                EplApiAbortSdo
                0x010847b8                EplApiInitialize
                0x01084bb4                EplApiReadObject
                0x01084a18                EplApiExecNmtCommand
                0x01084e10                EplApiFreeSdoChannel
                0x01084e28                EplApiReadLocalObject
                0x01084cec                EplApiWriteObject
                0x01084a24                EplApiLinkObject
                0x01084e6c                EplApiPostUserEvent
                0x01084f1c                EplApiProcess
 .text          0x01085bbc     0x2e98 obj/EplDllk.o
                0x01085e40                EplDllkSetIdentity
                0x01085d28                EplDllkDelInstance
                0x01085ef8                EplDllkRegTpdoHandler
                0x01085ed0                EplDllkRegSyncHandler
                0x01085f68                EplDllkConfigNode
                0x01085f0c                EplDllkSetAsndServiceIdFilter
                0x01087af4                EplDllkProcess
                0x01085e78                EplDllkRegAsyncHandler
                0x01085d64                EplDllkConfig
                0x010861dc                EplDllkAddNode
                0x010860e4                EplDllkDeleteNode
                0x01085ee4                EplDllkRegRpdoHandler
                0x01085bbc                EplDllkAddInstance
                0x01085ea4                EplDllkDeregAsyncHandler
 .text          0x01088a54      0x4f0 obj/EplDllkCal.o
                0x01088e18                EplDllkCalAsyncSend
                0x01088b1c                EplDllkCalProcess
                0x01088a54                EplDllkCalAddInstance
                0x01088ac0                EplDllkCalDelInstance
                0x01088c98                EplDllkCalAsyncGetTxFrame
                0x01088d44                EplDllkCalAsyncFrameReceived
                0x01088ee8                EplDllkCalGetStatistics
                0x01088bd0                EplDllkCalAsyncGetTxCount
                0x01088e94                EplDllkCalAsyncClearBuffer
 .text          0x01088f44      0x284 obj/EplDlluCal.o
                0x01089120                EplDlluCalConfigNode
                0x01088f70                EplDlluCalDelInstance
                0x01089158                EplDlluCalAddNode
                0x01089190                EplDlluCalDeleteNode
                0x01089060                EplDlluCalSetIdentity
                0x01089028                EplDlluCalConfig
                0x01088f44                EplDlluCalAddInstance
                0x01089098                EplDlluCalRegAsndService
                0x01088f9c                EplDlluCalProcess
                0x01089114                EplDlluCalAsyncSend
 .text          0x010891c8      0x4dc obj/EplErrorHandlerk.o
                0x01089510                EplErrorHandlerkCycleFinished
                0x01089698                EplErrorHandlerkInit
                0x01089648                EplErrorHandlerkAddInstance
                0x010891c8                EplErrorHandlerkDelInstance
                0x01089208                EplErrorHandlerkProcess
                0x01089560                EplErrorHandlerkPostError
 .text          0x010896a4      0x414 obj/EplEventk.o
                0x010896fc                EplEventkInit
                0x010896a4                EplEventkAddInstance
                0x01089754                EplEventkPostError
                0x01089708                EplEventkDelInstance
                0x0108997c                EplEventkPost
                0x010897c4                EplEventkProcess
 .text          0x01089ab8      0x4d4 obj/EplEventu.o
                0x01089b34                EplEventuDelInstance
                0x01089ab8                EplEventuAddInstance
                0x01089bb8                EplEventuPost
                0x01089d68                EplEventuProcess
                0x01089b28                EplEventuInit
                0x01089cf8                EplEventuPostError
 .text          0x01089f8c      0x4a4 obj/EplLedu.o
                0x0108a120                EplLeduCbNmtStateChange
                0x01089fb0                EplLeduInit
                0x01089f8c                EplLeduAddInstance
                0x01089fbc                EplLeduDelInstance
                0x0108a2f4                EplLeduProcessEvent
 .text          0x0108a430      0x2f4 obj/EplNmtCnu.o
                0x0108a430                EplNmtCnuAddInstance
                0x0108a460                EplNmtCnuInit
                0x0108a528                EplNmtCnuRegisterCheckEventCb
                0x0108a46c                EplNmtCnuDelInstance
                0x0108a484                EplNmtCnuSendNmtRequest
 .text          0x0108a724      0x400 obj/EplNmtk.o
                0x0108a750                EplNmtkDelInstance
                0x0108a744                EplNmtkInit
                0x0108a724                EplNmtkAddInstance
                0x0108a75c                EplNmtkProcess
 .text          0x0108ab24      0x370 obj/EplNmtu.o
                0x0108ab38                EplNmtuInit
                0x0108abb4                EplNmtuRegisterStateChangeCb
                0x0108abc8                EplNmtuProcessEvent
                0x0108ab60                EplNmtuNmtEvent
                0x0108ab24                EplNmtuAddInstance
                0x0108aba4                EplNmtuGetNmtState
                0x0108ab44                EplNmtuDelInstance
 .text          0x0108ae94     0x1a1c obj/EplObd.o
                0x0108c890                EplObdInit
                0x0108b348                EplObdIsNumerical
                0x0108bef8                EplObdSetNodeId
                0x0108c484                EplObdGetObjectDataPtr
                0x0108b2f4                EplObdInitVarEntry
                0x0108b420                EplObdGetAccessType
                0x0108be5c                EplObdWriteEntry
                0x0108bd4c                EplObdWriteEntryFromLe
                0x0108b490                EplObdSearchVarEntry
                0x0108c30c                EplObdReadEntry
                0x0108c840                EplObdAddInstance
                0x0108c434                EplObdGetNodeId
                0x0108b4e8                EplObdSetDefaultObdCallback
                0x0108c770                EplObdAccessOdPart
                0x0108b3b0                EplObdGetType
                0x0108b218                EplObdDefineVar
                0x0108ae94                EplObdDeleteInstance
                0x0108b674                EplObdGetDataSize
                0x0108c158                EplObdReadEntryToLe
 .text          0x0108c8b0      0x894 obj/EplPdok.o
                0x0108c938                EplPdokDelInstance
                0x0108c8b0                EplPdokAddInstance
                0x0108cf74                EplPdokPdoDecode
                0x0108cb9c                EplPdokConfigureChannel
                0x0108c9e0                EplPdokAlloc
 .text          0x0108d144       0xdc obj/EplPdokCal.o
                0x0108d160                EplPdokCalProcess
                0x0108d144                EplPdokCalAddInstance
                0x0108d158                EplPdokCalDelInstance
 .text          0x0108d220      0xa88 obj/EplPdou.o
                0x0108dab4                EplPdouCbNmtStateChange
                0x0108d260                EplPdouDelInstance
                0x0108db5c                EplPdouCbObdAccess
                0x0108da78                EplPdouSetupAllPdoInternalCpyTable
                0x0108d220                EplPdouAddInstance
 .text          0x0108dca8       0x8c obj/EplPdouCal.o
                0x0108dcb0                EplPdouCalDelInstance
                0x0108dcf0                EplPdouCalConfigureChannel
                0x0108dca8                EplPdouCalAddInstance
                0x0108dcb8                EplPdouCalAlloc
 .text          0x0108dd34      0x260 obj/EplSdoAsndu.o
                0x0108dd34                EplSdoAsnduAddInstance
                0x0108dd98                EplSdoAsnduInitCon
                0x0108dd74                EplSdoAsnduInit
                0x0108def8                EplSdoAsnduCb
                0x0108dd80                EplSdoAsnduDelInstance
                0x0108deb8                EplSdoAsnduDelCon
                0x0108de28                EplSdoAsnduSendData
 .text          0x0108df94     0x1338 obj/EplSdoAsySequ.o
                0x0108f184                EplSdoAsySeqInitCon
                0x0108ed34                EplSdoAsyReceiveCb
                0x0108eef8                EplSdoAsySeqDelCon
                0x0108dff4                EplSdoAsySeqDelInstance
                0x0108f0d4                EplSdoAsySeqSendData
                0x0108df94                EplSdoAsySeqAddInstance
                0x0108eff8                EplSdoAsySeqProcessEvent
                0x0108dfe8                EplSdoAsySeqInit
                0x0108e070                EplSdoAsySeqAppFlowControl
 .text          0x0108f2cc     0x1bbc obj/EplSdoComu.o
                0x0108f520                EplSdoComGetNodeId
                0x0108f5fc                EplSdoComServerSendFrameIntern
                0x0108f32c                EplSdoComUndefineCon
                0x0108f2cc                EplSdoComAddInstance
                0x01090bd0                EplSdoComInitTransferByIndex
                0x0108f314                EplSdoComDelInstance
                0x0108f3dc                EplSdoComGetState
                0x0108f308                EplSdoComInit
                0x01090cd4                EplSdoComDefineCon
                0x01090adc                EplSdoComConCb
                0x01090b64                EplSdoComSdoAbort
                0x01090b50                EplSdoComReceiveCb
 .text          0x01090e88      0x3bc obj/EplTimeruGeneric.o
                0x01090e88                EplTimeruAddInstance
                0x010911b4                EplTimeruProcess
                0x01090f38                EplTimeruDelInstance
                0x01090f2c                EplTimeruInit
                0x0109100c                EplTimeruGetMinFreeEntries
                0x01090f80                EplTimeruDeleteTimer
                0x01091154                EplTimeruModifyTimerMs
                0x01091028                EplTimeruSetTimerMs
 .text          0x01091244      0x63c obj/amiarm.o
                0x010913ac                AmiSetQword64ToBe
                0x01091544                AmiSetQword40ToBe
                0x010917a8                AmiGetQword56FromLe
                0x010916b8                AmiGetQword48FromLe
                0x010912e8                AmiGetWordFromLe
                0x010915d8                AmiGetQword40FromLe
                0x01091344                AmiSetDword24ToLe
                0x01091400                AmiSetQword64ToLe
                0x010915a8                AmiGetQword40FromBe
                0x01091300                AmiGetDwordFromLe
                0x01091778                AmiGetQword56FromBe
                0x01091610                AmiSetQword48ToBe
                0x01091444                AmiGetQword64FromBe
                0x01091244                AmiSetWordToBe
                0x0109136c                AmiGetDword24FromBe
                0x0109132c                AmiSetDword24ToBe
                0x01091834                AmiGetTimeOfDay
                0x01091284                AmiSetDwordToLe
                0x0109173c                AmiSetQword56ToLe
                0x01091580                AmiSetQword40ToLe
                0x01091688                AmiGetQword48FromBe
                0x010912a4                AmiGetWordFromBe
                0x010912bc                AmiGetDwordFromBe
                0x010917e4                AmiSetTimeOfDay
                0x01091654                AmiSetQword48ToLe
                0x01091254                AmiSetDwordToBe
                0x01091388                AmiGetDword24FromLe
                0x01091274                AmiSetWordToLe
                0x010914a0                AmiGetQword64FromLe
                0x010916f0                AmiSetQword56ToBe
 .text          0x01091880     0x15b4 obj/SharedBuff.o
                0x01091c90                ShbCirResetBuffer
                0x010923b8                ShbCirReadDataBlock
                0x010921b0                ShbCirWriteDataChunk
                0x01092c68                ShbLinReadDataBlock
                0x010918cc                ShbExit
                0x010918a0                ShbLinGetBuffer
                0x010918d8                ShbProcess
                0x01092054                ShbCirAllocDataBlock
                0x01092d44                ShbCirSignalHandlerNewData
                0x01092b8c                ShbLinWriteDataBlock
                0x01092b6c                ShbLinReleaseBuffer
                0x01091de4                ShbCirWriteDataBlock
                0x010928c4                ShbCirSetSignalHandlerNewData
                0x01091bc0                ShbCirSignalHandlerReset
                0x01091a70                ShbCirAllocBuffer
                0x01092650                ShbCirGetReadBlockCount
                0x01091ba0                ShbCirReleaseBuffer
                0x01092598                ShbCirGetReadDataSize
                0x01092a6c                ShbLinAllocBuffer
                0x01091880                ShbCirGetBuffer
                0x010927cc                ShbCirConnectMaster
                0x010918c0                ShbInit
 .text          0x01092e34      0x3f0 obj/ShbIpc-NoOS.o
                0x01092e50                ShbIpcExit
                0x01093018                ShbIpcAllocBuffer
                0x01092fe8                ShbIpcSignalNewData
                0x01092e58                ShbIpcReleaseBuffer
                0x01092e34                ShbIpcInit
 .text          0x01093224       0x70 obj/ShbTarget_Nios2.o
                0x01093224                ShbTgtGetTickCountMs
                0x0109322c                ShbTgtEnableGlobalInterrupt
                0x01093278                ShbTgtIsInterruptContext
 .text          0x01093294      0x48c obj/boot.o
                0x0109365c                getSwVersions
                0x01093520                checkFwImage
                0x010935d8                getApplicationSwDateTime
 .text          0x01093720      0x1ec obj/fpgaCfg.o
                0x01093830                FpgaCfg_getPast1ReconfigTriggerCondition
                0x0109383c                FpgaCfg_handleReconfig
                0x010937a8                FpgaCfg_enableEarlyCnfDoneCheck
                0x01093720                FpgaCfg_enableWatchdog
                0x010937f4                FpgaCfg_getWatchdogStatus
                0x010937b8                FpgaCfg_enableInternalOscStartUp
                0x01093818                FpgaCfg_getPast1BootAdr
                0x010937e8                FpgaCfg_getWatchdogCounterSetting
                0x0109380c                FpgaCfg_getCurFactoryBootAdr
                0x010937c8                FpgaCfg_resetWatchdogTimer
                0x01093800                FpgaCfg_getCurRemoteUpdateCoreState
                0x0109373c                FpgaCfg_setWatchdogTimer
                0x01093730                FpgaCfg_disableWatchdog
                0x0109375c                FpgaCfg_reloadFromFlash
                0x01093824                FpgaCfg_getPast2BootAdr
 .text          0x0109390c      0xae0 obj/fwUpdate.o
                0x01093e80                updateFirmwarePeriodic
                0x01094160                updateFirmware
                0x01093e58                initFirmwareUpdate
 .text          0x010943ec       0x50 obj/crc32.o
                0x010943ec                crc32
 .text          0x0109443c      0x10c /cygdrive/c/altera/10.1sp1/nios2eds/bin/nios2-gnutools/H-i686-pc-cygwin/bin/../lib/gcc/nios2-elf/3.4.6/mno-hw-mul/libgcc.a(_muldi3.o)
                0x0109443c                __muldi3
 .text          0x01094548       0x80 /cygdrive/c/altera/10.1sp1/nios2eds/bin/nios2-gnutools/H-i686-pc-cygwin/bin/../lib/gcc/nios2-elf/3.4.6/mno-hw-mul/libgcc.a(_gt_sf.o)
                0x01094548                __gtsf2
 .text          0x010945c8       0x80 /cygdrive/c/altera/10.1sp1/nios2eds/bin/nios2-gnutools/H-i686-pc-cygwin/bin/../lib/gcc/nios2-elf/3.4.6/mno-hw-mul/libgcc.a(_lt_sf.o)
                0x010945c8                __ltsf2
 .text          0x01094648       0x8c /cygdrive/c/altera/10.1sp1/nios2eds/bin/nios2-gnutools/H-i686-pc-cygwin/bin/../lib/gcc/nios2-elf/3.4.6/mno-hw-mul/libgcc.a(_gt_df.o)
                0x01094648                __gtdf2
 .text          0x010946d4       0x8c /cygdrive/c/altera/10.1sp1/nios2eds/bin/nios2-gnutools/H-i686-pc-cygwin/bin/../lib/gcc/nios2-elf/3.4.6/mno-hw-mul/libgcc.a(_lt_df.o)
                0x010946d4                __ltdf2
 .text          0x01094760      0x11c /cygdrive/c/altera/10.1sp1/nios2eds/bin/nios2-gnutools/H-i686-pc-cygwin/bin/../lib/gcc/nios2-elf/3.4.6/mno-hw-mul/libgcc.a(lib2-divmod.o)
                0x0109485c                __udivsi3
                0x0109486c                __umodsi3
                0x010947c0                __divsi3
                0x01094810                __modsi3
 .text          0x0109487c       0x28 /cygdrive/c/altera/10.1sp1/nios2eds/bin/nios2-gnutools/H-i686-pc-cygwin/bin/../lib/gcc/nios2-elf/3.4.6/mno-hw-mul/libgcc.a(lib2-mul.o)
                0x0109487c                __mulsi3
 .text          0x010948a4       0xb4 /cygdrive/c/altera/10.1sp1/nios2eds/bin/nios2-gnutools/H-i686-pc-cygwin/bin/../lib/gcc/nios2-elf/3.4.6/mno-hw-mul/libgcc.a(_unpack_sf.o)
                0x010948a4                __unpack_f
 .text          0x01094958       0xf4 /cygdrive/c/altera/10.1sp1/nios2eds/bin/nios2-gnutools/H-i686-pc-cygwin/bin/../lib/gcc/nios2-elf/3.4.6/mno-hw-mul/libgcc.a(_fpcmp_parts_sf.o)
                0x01094958                __fpcmp_parts_f
 .text          0x01094a4c      0x128 /cygdrive/c/altera/10.1sp1/nios2eds/bin/nios2-gnutools/H-i686-pc-cygwin/bin/../lib/gcc/nios2-elf/3.4.6/mno-hw-mul/libgcc.a(_unpack_df.o)
                0x01094a4c                __unpack_d
 .text          0x01094b74      0x114 /cygdrive/c/altera/10.1sp1/nios2eds/bin/nios2-gnutools/H-i686-pc-cygwin/bin/../lib/gcc/nios2-elf/3.4.6/mno-hw-mul/libgcc.a(_fpcmp_parts_df.o)
                0x01094b74                __fpcmp_parts_d
 .text          0x01094c88       0x1c /cygdrive/c/altera/10.1sp1/nios2eds/bin/nios2-gnutools/H-i686-pc-cygwin/bin/../lib/gcc/nios2-elf/3.4.6/../../../../nios2-elf/lib/mno-hw-mul/libc.a(calloc.o)
                0x01094c88                calloc
 .text          0x01094ca4       0xc4 /cygdrive/c/altera/10.1sp1/nios2eds/bin/nios2-gnutools/H-i686-pc-cygwin/bin/../lib/gcc/nios2-elf/3.4.6/../../../../nios2-elf/lib/mno-hw-mul/libc.a(callocr.o)
                0x01094ca4                _calloc_r
 .text          0x01094d68       0x28 /cygdrive/c/altera/10.1sp1/nios2eds/bin/nios2-gnutools/H-i686-pc-cygwin/bin/../lib/gcc/nios2-elf/3.4.6/../../../../nios2-elf/lib/mno-hw-mul/libc.a(malloc.o)
                0x01094d68                malloc
                0x01094d7c                free
 .text          0x01094d90      0x6b8 /cygdrive/c/altera/10.1sp1/nios2eds/bin/nios2-gnutools/H-i686-pc-cygwin/bin/../lib/gcc/nios2-elf/3.4.6/../../../../nios2-elf/lib/mno-hw-mul/libc.a(mallocr.o)
                0x01094d90                _malloc_r
 .text          0x01095448       0x70 /cygdrive/c/altera/10.1sp1/nios2eds/bin/nios2-gnutools/H-i686-pc-cygwin/bin/../lib/gcc/nios2-elf/3.4.6/../../../../nios2-elf/lib/mno-hw-mul/libc.a(memcmp.o)
                0x01095448                memcmp
 .text          0x010954b8       0xbc /cygdrive/c/altera/10.1sp1/nios2eds/bin/nios2-gnutools/H-i686-pc-cygwin/bin/../lib/gcc/nios2-elf/3.4.6/../../../../nios2-elf/lib/mno-hw-mul/libc.a(memcpy.o)
                0x010954b8                memcpy
 .text          0x01095574       0x9c /cygdrive/c/altera/10.1sp1/nios2eds/bin/nios2-gnutools/H-i686-pc-cygwin/bin/../lib/gcc/nios2-elf/3.4.6/../../../../nios2-elf/lib/mno-hw-mul/libc.a(memset.o)
                0x01095574                memset
 .text          0x01095610       0x98 /cygdrive/c/altera/10.1sp1/nios2eds/bin/nios2-gnutools/H-i686-pc-cygwin/bin/../lib/gcc/nios2-elf/3.4.6/../../../../nios2-elf/lib/mno-hw-mul/libc.a(puts.o)
                0x01095610                _puts_r
                0x01095694                puts
 .text          0x010956a8       0x4c /cygdrive/c/altera/10.1sp1/nios2eds/bin/nios2-gnutools/H-i686-pc-cygwin/bin/../lib/gcc/nios2-elf/3.4.6/../../../../nios2-elf/lib/mno-hw-mul/libc.a(sbrkr.o)
                0x010956a8                _sbrk_r
 .text          0x010956f4       0x5c /cygdrive/c/altera/10.1sp1/nios2eds/bin/nios2-gnutools/H-i686-pc-cygwin/bin/../lib/gcc/nios2-elf/3.4.6/../../../../nios2-elf/lib/mno-hw-mul/libc.a(strlen.o)
                0x010956f4                strlen
 .text          0x01095750      0x3dc /cygdrive/c/altera/10.1sp1/nios2eds/bin/nios2-gnutools/H-i686-pc-cygwin/bin/../lib/gcc/nios2-elf/3.4.6/../../../../nios2-elf/lib/mno-hw-mul/libc.a(freer.o)
                0x01095874                _free_r
                0x01095750                _malloc_trim_r
 .text          0x01095b2c      0x384 /cygdrive/c/altera/10.1sp1/nios2eds/bin/nios2-gnutools/H-i686-pc-cygwin/bin/../lib/gcc/nios2-elf/3.4.6/../../../../nios2-elf/lib/mno-hw-mul/libc.a(fvwrite.o)
                0x01095b2c                __sfvwrite
 .text          0x01095eb0       0xcc /cygdrive/c/altera/10.1sp1/nios2eds/bin/nios2-gnutools/H-i686-pc-cygwin/bin/../lib/gcc/nios2-elf/3.4.6/../../../../nios2-elf/lib/mno-hw-mul/libc.a(memchr.o)
                0x01095eb0                memchr
 .text          0x01095f7c      0x108 /cygdrive/c/altera/10.1sp1/nios2eds/bin/nios2-gnutools/H-i686-pc-cygwin/bin/../lib/gcc/nios2-elf/3.4.6/../../../../nios2-elf/lib/mno-hw-mul/libc.a(memmove.o)
                0x01095f7c                memmove
 .text          0x01096084      0x550 /cygdrive/c/altera/10.1sp1/nios2eds/bin/nios2-gnutools/H-i686-pc-cygwin/bin/../lib/gcc/nios2-elf/3.4.6/../../../../nios2-elf/lib/mno-hw-mul/libc.a(reallocr.o)
                0x01096084                _realloc_r
 .text          0x010965d4      0x10c /cygdrive/c/altera/10.1sp1/nios2eds/bin/nios2-gnutools/H-i686-pc-cygwin/bin/../lib/gcc/nios2-elf/3.4.6/../../../../nios2-elf/lib/mno-hw-mul/libc.a(wsetup.o)
                0x010965d4                __swsetup
 .text          0x010966e0       0xe8 /cygdrive/c/altera/10.1sp1/nios2eds/bin/nios2-gnutools/H-i686-pc-cygwin/bin/../lib/gcc/nios2-elf/3.4.6/../../../../nios2-elf/lib/mno-hw-mul/libc.a(fflush.o)
                0x010966e0                fflush
 .text          0x010967c8      0x118 /cygdrive/c/altera/10.1sp1/nios2eds/bin/nios2-gnutools/H-i686-pc-cygwin/bin/../lib/gcc/nios2-elf/3.4.6/../../../../nios2-elf/lib/mno-hw-mul/libc.a(findfp.o)
                0x01096844                __sinit
                0x01096834                _cleanup
                0x01096820                _cleanup_r
 .text          0x010968e0       0xd4 /cygdrive/c/altera/10.1sp1/nios2eds/bin/nios2-gnutools/H-i686-pc-cygwin/bin/../lib/gcc/nios2-elf/3.4.6/../../../../nios2-elf/lib/mno-hw-mul/libc.a(fwalk.o)
                0x010968e0                _fwalk
 .text          0x010969b4      0x148 /cygdrive/c/altera/10.1sp1/nios2eds/bin/nios2-gnutools/H-i686-pc-cygwin/bin/../lib/gcc/nios2-elf/3.4.6/../../../../nios2-elf/lib/mno-hw-mul/libc.a(makebuf.o)
                0x010969b4                __smakebuf
 .text          0x01096afc      0x17c /cygdrive/c/altera/10.1sp1/nios2eds/bin/nios2-gnutools/H-i686-pc-cygwin/bin/../lib/gcc/nios2-elf/3.4.6/../../../../nios2-elf/lib/mno-hw-mul/libc.a(stdio.o)
                0x01096bec                __sseek
                0x01096afc                __sread
                0x01096c64                __sclose
                0x01096b6c                __swrite
 .text          0x01096c78       0x64 /cygdrive/c/altera/10.1sp1/nios2eds/bin/nios2-gnutools/H-i686-pc-cygwin/bin/../lib/gcc/nios2-elf/3.4.6/../../../../nios2-elf/lib/mno-hw-mul/libc.a(writer.o)
                0x01096c78                _write_r
 .text          0x01096cdc       0x5c /cygdrive/c/altera/10.1sp1/nios2eds/bin/nios2-gnutools/H-i686-pc-cygwin/bin/../lib/gcc/nios2-elf/3.4.6/../../../../nios2-elf/lib/mno-hw-mul/libc.a(closer.o)
                0x01096cdc                _close_r
 .text          0x01096d38       0x60 /cygdrive/c/altera/10.1sp1/nios2eds/bin/nios2-gnutools/H-i686-pc-cygwin/bin/../lib/gcc/nios2-elf/3.4.6/../../../../nios2-elf/lib/mno-hw-mul/libc.a(fstatr.o)
                0x01096d38                _fstat_r
 .text          0x01096d98       0x64 /cygdrive/c/altera/10.1sp1/nios2eds/bin/nios2-gnutools/H-i686-pc-cygwin/bin/../lib/gcc/nios2-elf/3.4.6/../../../../nios2-elf/lib/mno-hw-mul/libc.a(lseekr.o)
                0x01096d98                _lseek_r
 .text          0x01096dfc       0x64 /cygdrive/c/altera/10.1sp1/nios2eds/bin/nios2-gnutools/H-i686-pc-cygwin/bin/../lib/gcc/nios2-elf/3.4.6/../../../../nios2-elf/lib/mno-hw-mul/libc.a(readr.o)
                0x01096dfc                _read_r
 .text          0x01096e60       0xd8 ./bsp/libhal_bsp.a(alt_close.o)
                0x01096e60                close
 .text          0x01096f38        0x4 ./bsp/libhal_bsp.a(alt_dcache_flush.o)
                0x01096f38                alt_dcache_flush
 .text          0x01096f3c        0x4 ./bsp/libhal_bsp.a(alt_dcache_flush_all.o)
                0x01096f3c                alt_dcache_flush_all
 .text          0x01096f40        0x8 ./bsp/libhal_bsp.a(alt_dev.o)
 .text          0x01096f48       0x60 ./bsp/libhal_bsp.a(alt_flash_dev.o)
                0x01096f48                alt_flash_open_dev
                0x01096f94                alt_flash_close_dev
 .text          0x01096fa8       0xa4 ./bsp/libhal_bsp.a(alt_fstat.o)
                0x01096fa8                fstat
 .text          0x0109704c       0x14 ./bsp/libhal_bsp.a(alt_icache_flush_all.o)
                0x0109704c                alt_icache_flush_all
 .text          0x01097060       0x98 ./bsp/libhal_bsp.a(alt_irq_register.o)
                0x01097060                alt_irq_register
 .text          0x010970f8       0xb0 ./bsp/libhal_bsp.a(alt_isatty.o)
                0x010970f8                isatty
 .text          0x010971a8       0xbc ./bsp/libhal_bsp.a(alt_load.o)
                0x010971a8                alt_load
 .text          0x01097264       0xbc ./bsp/libhal_bsp.a(alt_lseek.o)
                0x01097264                lseek
 .text          0x01097320       0x60 ./bsp/libhal_bsp.a(alt_main.o)
                0x01097320                alt_main
 .text          0x01097380        0x8 ./bsp/libhal_bsp.a(alt_malloc_lock.o)
                0x01097384                __malloc_unlock
                0x01097380                __malloc_lock
 .text          0x01097388       0xf0 ./bsp/libhal_bsp.a(alt_read.o)
                0x01097388                read
 .text          0x01097478       0x38 ./bsp/libhal_bsp.a(alt_release_fd.o)
                0x01097478                alt_release_fd
 .text          0x010974b0       0x28 ./bsp/libhal_bsp.a(alt_remap_uncached.o)
                0x010974b0                alt_remap_uncached
 .text          0x010974d8       0x50 ./bsp/libhal_bsp.a(alt_sbrk.o)
                0x010974d8                sbrk
 .text          0x01097528       0xf4 ./bsp/libhal_bsp.a(alt_tick.o)
                0x0109755c                alt_tick
                0x01097528                alt_alarm_stop
 .text          0x0109761c        0xc ./bsp/libhal_bsp.a(alt_usleep.o)
                0x0109761c                usleep
 .text          0x01097628       0xec ./bsp/libhal_bsp.a(alt_write.o)
                0x01097628                write
 .text          0x01097714       0x84 ./bsp/libhal_bsp.a(alt_sys_init.o)
                0x01097734                alt_sys_init
                0x01097714                alt_irq_init
 .text          0x01097798      0x51c ./bsp/libhal_bsp.a(altera_avalon_epcs_flash_controller.o)
                0x010978f0                alt_epcs_flash_get_info
                0x010979a8                alt_epcs_flash_write_block
                0x01097934                alt_epcs_flash_erase_block
                0x01097aec                alt_epcs_flash_write
                0x01097798                alt_epcs_flash_init
                0x01097a74                alt_epcs_flash_read
 .text          0x01097cb4       0x5c ./bsp/libhal_bsp.a(altera_avalon_jtag_uart_fd.o)
                0x01097cb4                altera_avalon_jtag_uart_read_fd
                0x01097ce4                altera_avalon_jtag_uart_close_fd
                0x01097cfc                altera_avalon_jtag_uart_ioctl_fd
                0x01097ccc                altera_avalon_jtag_uart_write_fd
 .text          0x01097d10      0x218 ./bsp/libhal_bsp.a(altera_avalon_jtag_uart_init.o)
                0x01097d10                altera_avalon_jtag_uart_init
                0x01097ee8                altera_avalon_jtag_uart_close
 .text          0x01097f28       0x84 ./bsp/libhal_bsp.a(altera_avalon_jtag_uart_ioctl.o)
                0x01097f28                altera_avalon_jtag_uart_ioctl
 .text          0x01097fac      0x14c ./bsp/libhal_bsp.a(altera_avalon_jtag_uart_read.o)
                0x01097fac                altera_avalon_jtag_uart_read
 .text          0x010980f8      0x158 ./bsp/libhal_bsp.a(altera_avalon_jtag_uart_write.o)
                0x010980f8                altera_avalon_jtag_uart_write
 .text          0x01098250       0x50 ./bsp/libhal_bsp.a(altera_avalon_sysid.o)
                0x01098250                alt_avalon_sysid_test
 .text          0x010982a0       0x84 ./bsp/libhal_bsp.a(altera_avalon_timer_sc.o)
                0x010982dc                alt_avalon_timer_sc_init
 .text          0x01098324      0x3a4 ./bsp/libhal_bsp.a(epcs_commands.o)
                0x01098368                epcs_sector_erase
                0x010984f8                epcs_write_status_register
                0x01098608                epcs_read_electronic_signature
                0x01098324                epcs_read_status_register
                0x01098650                epcs_read_device_id
                0x01098434                epcs_read_buffer
                0x010984c0                epcs_write_enable
                0x01098554                epcs_write_buffer
 .text          0x010986c8       0x7c ./bsp/libhal_bsp.a(alt_alarm_start.o)
                0x010986c8                alt_alarm_start
 .text          0x01098744       0x9c ./bsp/libhal_bsp.a(alt_busy_sleep.o)
                0x01098744                alt_busy_sleep
 .text          0x010987e0       0x74 ./bsp/libhal_bsp.a(alt_dev_llist_insert.o)
                0x010987e0                alt_dev_llist_insert
 .text          0x01098854       0x48 ./bsp/libhal_bsp.a(alt_do_ctors.o)
                0x01098854                _do_ctors
 .text          0x0109889c       0x48 ./bsp/libhal_bsp.a(alt_do_dtors.o)
                0x0109889c                _do_dtors
 .text          0x010988e4       0x8c ./bsp/libhal_bsp.a(alt_find_dev.o)
                0x010988e4                alt_find_dev
 .text          0x01098970       0x38 ./bsp/libhal_bsp.a(alt_icache_flush.o)
                0x01098970                alt_icache_flush
 .text          0x010989a8       0x9c ./bsp/libhal_bsp.a(alt_iic.o)
                0x01098a2c                alt_ic_irq_enabled
                0x010989a8                alt_ic_isr_register
                0x010989f4                alt_ic_irq_disable
                0x010989bc                alt_ic_irq_enable
 .text          0x01098a44       0x6c ./bsp/libhal_bsp.a(alt_iic_isr_register.o)
                0x01098a44                alt_iic_isr_register
 .text          0x01098ab0      0x124 ./bsp/libhal_bsp.a(alt_io_redirect.o)
                0x01098b40                alt_io_redirect
 .text          0x01098bd4      0x180 ./bsp/libhal_bsp.a(alt_open.o)
                0x01098bd4                open
 .text          0x01098d54        0x8 ./bsp/libhal_bsp.a(altera_nios2_irq.o)
                0x01098d54                altera_nios2_irq_init
 .text          0x01098d5c       0xfc ./bsp/libhal_bsp.a(altera_avalon_spi.o)
                0x01098d5c                alt_avalon_spi_command
 .text          0x01098e58       0xc8 ./bsp/libhal_bsp.a(alt_find_file.o)
                0x01098e58                alt_find_file
 .text          0x01098f20       0x54 ./bsp/libhal_bsp.a(alt_get_fd.o)
                0x01098f20                alt_get_fd
 .text          0x01098f74       0x9c /cygdrive/c/altera/10.1sp1/nios2eds/bin/nios2-gnutools/H-i686-pc-cygwin/bin/../lib/gcc/nios2-elf/3.4.6/../../../../nios2-elf/lib/mno-hw-mul/libc.a(atexit.o)
                0x01098f74                atexit
 .text          0x01099010       0xe4 /cygdrive/c/altera/10.1sp1/nios2eds/bin/nios2-gnutools/H-i686-pc-cygwin/bin/../lib/gcc/nios2-elf/3.4.6/../../../../nios2-elf/lib/mno-hw-mul/libc.a(exit.o)
                0x01099010                exit
 .text          0x010990f4       0x14 ./bsp/libhal_bsp.a(alt_exit.o)
                0x010990f4                _exit
 *(.gnu.warning.*)
 *(.fini)
                0x01099108                PROVIDE (__etext, <code 336> (.))
                0x01099108                PROVIDE (_etext, <code 336> (.))
                0x01099108                PROVIDE (etext, <code 336> (.))
 *(.eh_frame_hdr)
                0x01099108                . = ALIGN (0x4)
                0x01099108                PROVIDE (__preinit_array_start, <code 336> (.))
 *(.preinit_array)
                0x01099108                PROVIDE (__preinit_array_end, <code 336> (.))
                0x01099108                PROVIDE (__init_array_start, <code 336> (.))
 *(.init_array)
                0x01099108                PROVIDE (__init_array_end, <code 336> (.))
                0x01099108                PROVIDE (__fini_array_start, <code 336> (.))
 *(.fini_array)
                0x01099108                PROVIDE (__fini_array_end, <code 336> (.))
 *(.eh_frame)
 *(.gcc_except_table)
 *(.dynamic)
                0x01099108                PROVIDE (__CTOR_LIST__, <code 336> (.))
 *(.ctors)
 *(SORT(.ctors.*))
                0x01099108                PROVIDE (__CTOR_END__, <code 336> (.))
                0x01099108                PROVIDE (__DTOR_LIST__, <code 336> (.))
 *(.dtors)
 *(SORT(.dtors.*))
                0x01099108                PROVIDE (__DTOR_END__, <code 336> (.))
 *(.jcr)
                0x01099108                . = ALIGN (0x4)

.rodata         0x01099108     0x1050 load address 0x01099108
                0x01099108                PROVIDE (__ram_rodata_start, <code 336> (.))
                0x01099108                . = ALIGN (0x4)
 *(.rodata .rodata.* .gnu.linkonce.r.*)
 .rodata        0x01099108       0x14 obj/main.o
 .rodata.str1.4
                0x0109911c       0x1f obj/main.o
                                 0x20 (size before relaxing)
 *fill*         0x0109913b        0x1 00
 .rodata.str1.4
                0x0109913c       0x36 obj/Objdict.o
                                 0x3c (size before relaxing)
 *fill*         0x01099172        0x2 00
 .rodata        0x01099174       0x48 obj/Objdict.o
 .rodata        0x010991bc       0x24 obj/omethlib.o
 .rodata        0x010991e0       0x14 obj/EplApiGeneric.o
 .rodata        0x010991f4      0x108 obj/EplDllk.o
 .rodata.str1.4
                0x010992fc       0x26 obj/EplDllkCal.o
                                 0x28 (size before relaxing)
 *fill*         0x01099322        0x2 00
 .rodata        0x01099324       0x1c obj/EplDllkCal.o
 .rodata.str1.4
                0x01099340       0x10 obj/EplEventk.o
 .rodata        0x01099350       0x74 obj/EplEventk.o
 .rodata        0x010993c4       0x74 obj/EplEventu.o
 .rodata        0x01099438       0x94 obj/EplLedu.o
 .rodata        0x010994cc      0x37c obj/EplNmtCnu.o
 .rodata        0x01099848      0x4c8 obj/EplNmtk.o
 .rodata        0x01099d10      0x1c0 obj/EplObd.o
 .rodata        0x01099ed0       0xe0 obj/EplPdok.o
 .rodata        0x01099fb0       0x18 obj/EplSdoAsySequ.o
 .rodata        0x01099fc8      0x134 obj/EplSdoComu.o
 .rodata.str1.4
                0x0109a0fc       0x1d obj/boot.o
                                 0x20 (size before relaxing)
 *fill*         0x0109a119        0x3 00
 .rodata        0x0109a11c       0x14 obj/fwUpdate.o
 .rodata.str1.4
                0x0109a130        0x2 /cygdrive/c/altera/10.1sp1/nios2eds/bin/nios2-gnutools/H-i686-pc-cygwin/bin/../lib/gcc/nios2-elf/3.4.6/../../../../nios2-elf/lib/mno-hw-mul/libc.a(impure.o)
                                  0x4 (size before relaxing)
 *fill*         0x0109a132        0x2 00
 .rodata.str1.4
                0x0109a134        0x2 /cygdrive/c/altera/10.1sp1/nios2eds/bin/nios2-gnutools/H-i686-pc-cygwin/bin/../lib/gcc/nios2-elf/3.4.6/../../../../nios2-elf/lib/mno-hw-mul/libc.a(puts.o)
                                  0x4 (size before relaxing)
 *fill*         0x0109a136        0x2 00
 .rodata.str1.4
                0x0109a138        0xa ./bsp/libhal_bsp.a(alt_dev.o)
                                  0xc (size before relaxing)
 *fill*         0x0109a142        0x2 00
 .rodata.str1.4
                0x0109a144       0x11 ./bsp/libhal_bsp.a(alt_main.o)
                                 0x14 (size before relaxing)
 .rodata        0x0109a155        0x3 ./bsp/libhal_bsp.a(epcs_commands.o)
 *(.rodata1)
                0x0109a158                . = ALIGN (0x4)
                0x0109a158                PROVIDE (__ram_rodata_end, <code 336> (.))
                0x01099108                PROVIDE (__flash_rodata_start, LOADADDR (.rodata))

.rwdata         0x0109a158     0x3634 load address 0x0109d78c
                0x0109a158                PROVIDE (__ram_rwdata_start, <code 336> (.))
                0x0109a158                . = ALIGN (0x4)
 *(.got.plt)
 *(.got)
 *(.data1)
 *(.data .data.* .gnu.linkonce.d.*)
 .data          0x0109a158     0x1330 obj/Objdict.o
 .data          0x0109b488      0x400 obj/crc32.o
 .data          0x0109b888      0x37c /cygdrive/c/altera/10.1sp1/nios2eds/bin/nios2-gnutools/H-i686-pc-cygwin/bin/../lib/gcc/nios2-elf/3.4.6/../../../../nios2-elf/lib/mno-hw-mul/libc.a(impure.o)
 .data          0x0109bc04      0x430 /cygdrive/c/altera/10.1sp1/nios2eds/bin/nios2-gnutools/H-i686-pc-cygwin/bin/../lib/gcc/nios2-elf/3.4.6/../../../../nios2-elf/lib/mno-hw-mul/libc.a(mallocr.o)
                0x0109bc04                __malloc_current_mallinfo
                0x0109bc2c                __malloc_av_
 .data          0x0109c034      0x1a8 ./bsp/libhal_bsp.a(alt_dev.o)
                0x0109c034                alt_fd_list
                0x0109c1b4                alt_dev_null
 .data          0x0109c1dc     0x1124 ./bsp/libhal_bsp.a(alt_sys_init.o)
                0x010a5300                _gp = <code 336> ((. + 0x8000))
                0x010a5300                PROVIDE (gp, _gp)
 *(.sdata .sdata.* .gnu.linkonce.s.*)
 .sdata         0x0109d300        0x8 obj/main.o
                0x0109d302                bObdSegWriteAccHistoryEmptyCnt_g
                0x0109d300                wObdSegWriteAccHistorySeqCnt_g
                0x0109d304                uiFpgaConfigVersion_g
 .sdata         0x0109d308      0x420 obj/Objdict.o
 .sdata         0x0109d728        0x1 obj/EplSdoAsySequ.o
                0x0109d728                fEplSdoAsySequEnableRetrasmFlowCntrl_g
 *fill*         0x0109d729        0x3 00
 .sdata         0x0109d72c        0x4 /cygdrive/c/altera/10.1sp1/nios2eds/bin/nios2-gnutools/H-i686-pc-cygwin/bin/../lib/gcc/nios2-elf/3.4.6/../../../../nios2-elf/lib/mno-hw-mul/libc.a(impure.o)
                0x0109d72c                _impure_ptr
 .sdata         0x0109d730       0x14 /cygdrive/c/altera/10.1sp1/nios2eds/bin/nios2-gnutools/H-i686-pc-cygwin/bin/../lib/gcc/nios2-elf/3.4.6/../../../../nios2-elf/lib/mno-hw-mul/libc.a(mallocr.o)
                0x0109d73c                __malloc_top_pad
                0x0109d734                __malloc_max_sbrked_mem
                0x0109d738                __malloc_sbrk_base
                0x0109d730                __malloc_max_total_mem
                0x0109d740                __malloc_trim_threshold
 .sdata         0x0109d744       0x14 ./bsp/libhal_bsp.a(alt_dev.o)
                0x0109d744                alt_max_fd
                0x0109d748                alt_dev_list
                0x0109d750                alt_fs_list
 .sdata         0x0109d758        0x4 ./bsp/libhal_bsp.a(alt_errno.o)
                0x0109d758                alt_errno
 .sdata         0x0109d75c        0x8 ./bsp/libhal_bsp.a(alt_flash_dev.o)
                0x0109d75c                alt_flash_dev_list
 .sdata         0x0109d764        0x8 ./bsp/libhal_bsp.a(alt_irq_vars.o)
                0x0109d768                alt_irq_active
                0x0109d764                alt_priority_mask
 .sdata         0x0109d76c        0xc ./bsp/libhal_bsp.a(alt_main.o)
                0x0109d770                alt_argv
                0x0109d76c                alt_envp
                0x0109d774                alt_argc
 .sdata         0x0109d778        0x4 ./bsp/libhal_bsp.a(alt_sbrk.o)
 .sdata         0x0109d77c       0x10 ./bsp/libhal_bsp.a(alt_tick.o)
                0x0109d788                _alt_tick_rate
                0x0109d784                _alt_nticks
                0x0109d77c                alt_alarm_list
 *(.sdata2 .sdata2.* .gnu.linkonce.s2.*)
                0x0109d78c                . = ALIGN (0x4)
                0x0109d78c                _edata = <code 336> (.)
                0x0109d78c                PROVIDE (edata, <code 336> (.))
                0x0109d78c                PROVIDE (__ram_rwdata_end, <code 336> (.))
                0x0109d78c                PROVIDE (__flash_rwdata_start, LOADADDR (.rwdata))

.bss            0x010a0dc0     0x4e70 load address 0x010a0dc0
                0x010a0dc0                __bss_start = <code 336> (.)
                0x010a0dc0                PROVIDE (__sbss_start, <code 336> (.))
                0x010a0dc0                PROVIDE (___sbss_start, <code 336> (.))
 *(.dynsbss)
 *(.sbss .sbss.* .gnu.linkonce.sb.*)
 .sbss          0x010a0dc0       0x14 obj/main.o
                0x010a0dcd                fIsUserImage_g
                0x010a0dc5                digitalIn
                0x010a0dc9                digitalOut
                0x010a0dc1                portIsOutput
                0x010a0dd0                ApiPdiComInstance_g
 .sbss          0x010a0dd4      0x50c obj/Objdict.o
 .sbss          0x010a12e0        0x4 obj/EdrvOpenMac.o
 .sbss          0x010a12e4        0x8 obj/omethlib.o
 .sbss          0x010a12ec        0x2 obj/EplDllkCal.o
 *fill*         0x010a12ee        0x2 00
 .sbss          0x010a12f0        0x4 obj/EplEventk.o
 .sbss          0x010a12f4        0xc obj/EplNmtk.o
 .sbss          0x010a1300        0xc obj/EplObd.o
                0x010a1304                abEplObdTrashObject_g
 .sbss          0x010a130c        0x4 obj/EplSdoAsySequ.o
 .sbss          0x010a1310       0x14 obj/ShbIpc-NoOS.o
                0x010a1320                psMemTableElementFirst_g
                0x010a131c                ppShbIpcProcessListJobReadyCurrent_g
                0x010a1310                pShbIpcProcessListNewDataFirst_g
                0x010a1318                pShbIpcProcessListJobReadyFirst_g
                0x010a1314                ppShbIpcProcessListNewDataCurrent_g
 .sbss          0x010a1324        0x8 obj/ShbTarget_Nios2.o
 .sbss          0x010a132c        0x4 /cygdrive/c/altera/10.1sp1/nios2eds/bin/nios2-gnutools/H-i686-pc-cygwin/bin/../lib/gcc/nios2-elf/3.4.6/../../../../nios2-elf/lib/mno-hw-mul/libc.a(int_errno.o)
                0x010a132c                errno
 .sbss          0x010a1330        0xc ./bsp/libhal_bsp.a(epcs_commands.o)
 .sbss          0x010a133c        0x4 /cygdrive/c/altera/10.1sp1/nios2eds/bin/nios2-gnutools/H-i686-pc-cygwin/bin/../lib/gcc/nios2-elf/3.4.6/../../../../nios2-elf/lib/mno-hw-mul/libc.a(atexit.o)
 *(.sbss2 .sbss2.* .gnu.linkonce.sb2.*)
 *(.scommon)
                0x010a1340                PROVIDE (__sbss_end, <code 336> (.))
                0x010a1340                PROVIDE (___sbss_end, <code 336> (.))
 *(.dynbss)
 *(.bss .bss.* .gnu.linkonce.b.*)
 .bss           0x010a1340      0x208 obj/main.o
 .bss           0x010a1548      0xa94 obj/Objdict.o
 .bss           0x010a1fdc       0xf0 obj/EdrvOpenMac.o
 .bss           0x010a20cc       0x78 obj/EplTimerSynck_OpenMac.o
 .bss           0x010a2144      0x118 obj/EplApiGeneric.o
 .bss           0x010a225c      0xd8c obj/EplDllk.o
 .bss           0x010a2fe8       0x20 obj/EplDllkCal.o
 .bss           0x010a3008       0x1c obj/EplDlluCal.o
 .bss           0x010a3024       0x28 obj/EplErrorHandlerk.o
 .bss           0x010a304c      0x820 obj/EplEventu.o
 .bss           0x010a386c       0x14 obj/EplLedu.o
 .bss           0x010a3880        0xc obj/EplNmtCnu.o
 .bss           0x010a388c        0xc obj/EplNmtu.o
 .bss           0x010a3898       0x1c obj/EplObd.o
 .bss           0x010a38b4       0x20 obj/EplPdok.o
 .bss           0x010a38d4      0x102 obj/EplPdou.o
 *fill*         0x010a39d6        0x2 00
 .bss           0x010a39d8       0x18 obj/EplSdoAsndu.o
 .bss           0x010a39f0     0x1e44 obj/EplSdoAsySequ.o
 .bss           0x010a5834      0x154 obj/EplSdoComu.o
 .bss           0x010a5988       0x18 obj/EplTimeruGeneric.o
 *(COMMON)
 COMMON         0x010a59a0       0x84 obj/fwUpdate.o
                                  0x0 (size before relaxing)
                0x010a59a0                updateInfo_g
                0x010a59e4                fwHeader_g
 COMMON         0x010a5a24      0x100 ./bsp/libhal_bsp.a(alt_irq_handler.o)
                                  0x0 (size before relaxing)
                0x010a5a24                alt_irq
 COMMON         0x010a5b24      0x10c /cygdrive/c/altera/10.1sp1/nios2eds/bin/nios2-gnutools/H-i686-pc-cygwin/bin/../lib/gcc/nios2-elf/3.4.6/../../../../nios2-elf/lib/mno-hw-mul/libc.a(atexit.o)
                                  0x0 (size before relaxing)
                0x010a5b24                _atexit0
                0x010a5c30                . = ALIGN (0x4)
                0x010a5c30                __bss_end = <code 336> (.)

.epcs_flash_controller_0
                0x00000000        0x0 load address 0x010a5c30
                0x00000000                PROVIDE (_alt_partition_epcs_flash_controller_0_start, <code 336> (.))
 *(.epcs_flash_controller_0. epcs_flash_controller_0.*)
                0x00000000                . = ALIGN (0x4)
                0x00000000                PROVIDE (_alt_partition_epcs_flash_controller_0_end, <code 336> (.))
                0x010a5c30                PROVIDE (_alt_partition_epcs_flash_controller_0_load_addr, LOADADDR (.epcs_flash_controller_0))

.sram_0         0x010a5c30        0x0 load address 0x010a5c30
                0x010a5c30                PROVIDE (_alt_partition_sram_0_start, <code 336> (.))
 *(.sram_0. sram_0.*)
                0x010a5c30                . = ALIGN (0x4)
                0x010a5c30                PROVIDE (_alt_partition_sram_0_end, <code 336> (.))
                0x010a5c30                _end = <code 336> (.)
                0x010a5c30                end = <code 336> (.)
                0x010a5c30                __alt_stack_base = <code 336> (.)
                0x010a5c30                PROVIDE (_alt_partition_sram_0_load_addr, LOADADDR (.sram_0))

.tc_i_mem_pcp   0x02000130        0x0 load address 0x010a5c30
                0x02000130                PROVIDE (_alt_partition_tc_i_mem_pcp_start, <code 336> (.))
 *(.tc_i_mem_pcp. tc_i_mem_pcp.*)
                0x02000130                . = ALIGN (0x4)
                0x02000130                PROVIDE (_alt_partition_tc_i_mem_pcp_end, <code 336> (.))
                0x010a5c30                PROVIDE (_alt_partition_tc_i_mem_pcp_load_addr, LOADADDR (.tc_i_mem_pcp))

.stab
 *(.stab)

.stabstr
 *(.stabstr)

.stab.excl
 *(.stab.excl)

.stab.exclstr
 *(.stab.exclstr)

.stab.index
 *(.stab.index)

.stab.indexstr
 *(.stab.indexstr)

.comment        0x00000000     0x1626
 *(.comment)
 .comment       0x00000000       0x2d obj/lcd.o
 .comment       0x0000002d       0x2d obj/main.o
 .comment       0x0000005a       0x2d obj/Objdict.o
 .comment       0x00000087       0x2d obj/EdrvOpenMac.o
 .comment       0x000000b4       0x2d obj/EplTgtTimeStamp_OpenMac.o
 .comment       0x000000e1       0x2d obj/EplTimerSynck_OpenMac.o
 .comment       0x0000010e       0x2d obj/omethlib.o
 .comment       0x0000013b       0x2d obj/omethlibint.o
 .comment       0x00000168       0x2d obj/EplApiGeneric.o
 .comment       0x00000195       0x2d obj/EplDllk.o
 .comment       0x000001c2       0x2d obj/EplDllkCal.o
 .comment       0x000001ef       0x2d obj/EplDlluCal.o
 .comment       0x0000021c       0x2d obj/EplErrorHandlerk.o
 .comment       0x00000249       0x2d obj/EplEventk.o
 .comment       0x00000276       0x2d obj/EplEventu.o
 .comment       0x000002a3       0x2d obj/EplLedu.o
 .comment       0x000002d0       0x2d obj/EplNmtCnu.o
 .comment       0x000002fd       0x2d obj/EplNmtk.o
 .comment       0x0000032a       0x2d obj/EplNmtu.o
 .comment       0x00000357       0x2d obj/EplObd.o
 .comment       0x00000384       0x2d obj/EplPdok.o
 .comment       0x000003b1       0x2d obj/EplPdokCal.o
 .comment       0x000003de       0x2d obj/EplPdou.o
 .comment       0x0000040b       0x2d obj/EplPdouCal.o
 .comment       0x00000438       0x2d obj/EplSdoAsndu.o
 .comment       0x00000465       0x2d obj/EplSdoAsySequ.o
 .comment       0x00000492       0x2d obj/EplSdoComu.o
 .comment       0x000004bf       0x2d obj/EplTimeruGeneric.o
 .comment       0x000004ec       0x2d obj/amiarm.o
 .comment       0x00000519       0x2d obj/SharedBuff.o
 .comment       0x00000546       0x2d obj/ShbIpc-NoOS.o
 .comment       0x00000573       0x2d obj/ShbTarget_Nios2.o
 .comment       0x000005a0       0x2d obj/boot.o
 .comment       0x000005cd       0x2d obj/fpgaCfg.o
 .comment       0x000005fa       0x2d obj/fwUpdate.o
 .comment       0x00000627       0x2d obj/crc32.o
 .comment       0x00000654       0x2d /cygdrive/c/altera/10.1sp1/nios2eds/bin/nios2-gnutools/H-i686-pc-cygwin/bin/../lib/gcc/nios2-elf/3.4.6/mno-hw-mul/libgcc.a(_muldi3.o)
 .comment       0x00000681       0x2d /cygdrive/c/altera/10.1sp1/nios2eds/bin/nios2-gnutools/H-i686-pc-cygwin/bin/../lib/gcc/nios2-elf/3.4.6/mno-hw-mul/libgcc.a(_gt_sf.o)
 .comment       0x000006ae       0x2d /cygdrive/c/altera/10.1sp1/nios2eds/bin/nios2-gnutools/H-i686-pc-cygwin/bin/../lib/gcc/nios2-elf/3.4.6/mno-hw-mul/libgcc.a(_lt_sf.o)
 .comment       0x000006db       0x2d /cygdrive/c/altera/10.1sp1/nios2eds/bin/nios2-gnutools/H-i686-pc-cygwin/bin/../lib/gcc/nios2-elf/3.4.6/mno-hw-mul/libgcc.a(_gt_df.o)
 .comment       0x00000708       0x2d /cygdrive/c/altera/10.1sp1/nios2eds/bin/nios2-gnutools/H-i686-pc-cygwin/bin/../lib/gcc/nios2-elf/3.4.6/mno-hw-mul/libgcc.a(_lt_df.o)
 .comment       0x00000735       0x2d /cygdrive/c/altera/10.1sp1/nios2eds/bin/nios2-gnutools/H-i686-pc-cygwin/bin/../lib/gcc/nios2-elf/3.4.6/mno-hw-mul/libgcc.a(lib2-divmod.o)
 .comment       0x00000762       0x2d /cygdrive/c/altera/10.1sp1/nios2eds/bin/nios2-gnutools/H-i686-pc-cygwin/bin/../lib/gcc/nios2-elf/3.4.6/mno-hw-mul/libgcc.a(lib2-mul.o)
 .comment       0x0000078f       0x2d /cygdrive/c/altera/10.1sp1/nios2eds/bin/nios2-gnutools/H-i686-pc-cygwin/bin/../lib/gcc/nios2-elf/3.4.6/mno-hw-mul/libgcc.a(_unpack_sf.o)
 .comment       0x000007bc       0x2d /cygdrive/c/altera/10.1sp1/nios2eds/bin/nios2-gnutools/H-i686-pc-cygwin/bin/../lib/gcc/nios2-elf/3.4.6/mno-hw-mul/libgcc.a(_fpcmp_parts_sf.o)
 .comment       0x000007e9       0x2d /cygdrive/c/altera/10.1sp1/nios2eds/bin/nios2-gnutools/H-i686-pc-cygwin/bin/../lib/gcc/nios2-elf/3.4.6/mno-hw-mul/libgcc.a(_unpack_df.o)
 .comment       0x00000816       0x2d /cygdrive/c/altera/10.1sp1/nios2eds/bin/nios2-gnutools/H-i686-pc-cygwin/bin/../lib/gcc/nios2-elf/3.4.6/mno-hw-mul/libgcc.a(_fpcmp_parts_df.o)
 .comment       0x00000843       0x2d /cygdrive/c/altera/10.1sp1/nios2eds/bin/nios2-gnutools/H-i686-pc-cygwin/bin/../lib/gcc/nios2-elf/3.4.6/../../../../nios2-elf/lib/mno-hw-mul/libc.a(calloc.o)
 .comment       0x00000870       0x2d /cygdrive/c/altera/10.1sp1/nios2eds/bin/nios2-gnutools/H-i686-pc-cygwin/bin/../lib/gcc/nios2-elf/3.4.6/../../../../nios2-elf/lib/mno-hw-mul/libc.a(callocr.o)
 .comment       0x0000089d       0x2d /cygdrive/c/altera/10.1sp1/nios2eds/bin/nios2-gnutools/H-i686-pc-cygwin/bin/../lib/gcc/nios2-elf/3.4.6/../../../../nios2-elf/lib/mno-hw-mul/libc.a(impure.o)
 .comment       0x000008ca       0x2d /cygdrive/c/altera/10.1sp1/nios2eds/bin/nios2-gnutools/H-i686-pc-cygwin/bin/../lib/gcc/nios2-elf/3.4.6/../../../../nios2-elf/lib/mno-hw-mul/libc.a(malloc.o)
 .comment       0x000008f7       0x2d /cygdrive/c/altera/10.1sp1/nios2eds/bin/nios2-gnutools/H-i686-pc-cygwin/bin/../lib/gcc/nios2-elf/3.4.6/../../../../nios2-elf/lib/mno-hw-mul/libc.a(mallocr.o)
 .comment       0x00000924       0x2d /cygdrive/c/altera/10.1sp1/nios2eds/bin/nios2-gnutools/H-i686-pc-cygwin/bin/../lib/gcc/nios2-elf/3.4.6/../../../../nios2-elf/lib/mno-hw-mul/libc.a(memcmp.o)
 .comment       0x00000951       0x2d /cygdrive/c/altera/10.1sp1/nios2eds/bin/nios2-gnutools/H-i686-pc-cygwin/bin/../lib/gcc/nios2-elf/3.4.6/../../../../nios2-elf/lib/mno-hw-mul/libc.a(memcpy.o)
 .comment       0x0000097e       0x2d /cygdrive/c/altera/10.1sp1/nios2eds/bin/nios2-gnutools/H-i686-pc-cygwin/bin/../lib/gcc/nios2-elf/3.4.6/../../../../nios2-elf/lib/mno-hw-mul/libc.a(memset.o)
 .comment       0x000009ab       0x2d /cygdrive/c/altera/10.1sp1/nios2eds/bin/nios2-gnutools/H-i686-pc-cygwin/bin/../lib/gcc/nios2-elf/3.4.6/../../../../nios2-elf/lib/mno-hw-mul/libc.a(puts.o)
 .comment       0x000009d8       0x2d /cygdrive/c/altera/10.1sp1/nios2eds/bin/nios2-gnutools/H-i686-pc-cygwin/bin/../lib/gcc/nios2-elf/3.4.6/../../../../nios2-elf/lib/mno-hw-mul/libc.a(sbrkr.o)
 .comment       0x00000a05       0x2d /cygdrive/c/altera/10.1sp1/nios2eds/bin/nios2-gnutools/H-i686-pc-cygwin/bin/../lib/gcc/nios2-elf/3.4.6/../../../../nios2-elf/lib/mno-hw-mul/libc.a(strlen.o)
 .comment       0x00000a32       0x2d /cygdrive/c/altera/10.1sp1/nios2eds/bin/nios2-gnutools/H-i686-pc-cygwin/bin/../lib/gcc/nios2-elf/3.4.6/../../../../nios2-elf/lib/mno-hw-mul/libc.a(freer.o)
 .comment       0x00000a5f       0x2d /cygdrive/c/altera/10.1sp1/nios2eds/bin/nios2-gnutools/H-i686-pc-cygwin/bin/../lib/gcc/nios2-elf/3.4.6/../../../../nios2-elf/lib/mno-hw-mul/libc.a(fvwrite.o)
 .comment       0x00000a8c       0x2d /cygdrive/c/altera/10.1sp1/nios2eds/bin/nios2-gnutools/H-i686-pc-cygwin/bin/../lib/gcc/nios2-elf/3.4.6/../../../../nios2-elf/lib/mno-hw-mul/libc.a(int_errno.o)
 .comment       0x00000ab9       0x2d /cygdrive/c/altera/10.1sp1/nios2eds/bin/nios2-gnutools/H-i686-pc-cygwin/bin/../lib/gcc/nios2-elf/3.4.6/../../../../nios2-elf/lib/mno-hw-mul/libc.a(memchr.o)
 .comment       0x00000ae6       0x2d /cygdrive/c/altera/10.1sp1/nios2eds/bin/nios2-gnutools/H-i686-pc-cygwin/bin/../lib/gcc/nios2-elf/3.4.6/../../../../nios2-elf/lib/mno-hw-mul/libc.a(memmove.o)
 .comment       0x00000b13       0x2d /cygdrive/c/altera/10.1sp1/nios2eds/bin/nios2-gnutools/H-i686-pc-cygwin/bin/../lib/gcc/nios2-elf/3.4.6/../../../../nios2-elf/lib/mno-hw-mul/libc.a(reallocr.o)
 .comment       0x00000b40       0x2d /cygdrive/c/altera/10.1sp1/nios2eds/bin/nios2-gnutools/H-i686-pc-cygwin/bin/../lib/gcc/nios2-elf/3.4.6/../../../../nios2-elf/lib/mno-hw-mul/libc.a(wsetup.o)
 .comment       0x00000b6d       0x2d /cygdrive/c/altera/10.1sp1/nios2eds/bin/nios2-gnutools/H-i686-pc-cygwin/bin/../lib/gcc/nios2-elf/3.4.6/../../../../nios2-elf/lib/mno-hw-mul/libc.a(fflush.o)
 .comment       0x00000b9a       0x2d /cygdrive/c/altera/10.1sp1/nios2eds/bin/nios2-gnutools/H-i686-pc-cygwin/bin/../lib/gcc/nios2-elf/3.4.6/../../../../nios2-elf/lib/mno-hw-mul/libc.a(findfp.o)
 .comment       0x00000bc7       0x2d /cygdrive/c/altera/10.1sp1/nios2eds/bin/nios2-gnutools/H-i686-pc-cygwin/bin/../lib/gcc/nios2-elf/3.4.6/../../../../nios2-elf/lib/mno-hw-mul/libc.a(fwalk.o)
 .comment       0x00000bf4       0x2d /cygdrive/c/altera/10.1sp1/nios2eds/bin/nios2-gnutools/H-i686-pc-cygwin/bin/../lib/gcc/nios2-elf/3.4.6/../../../../nios2-elf/lib/mno-hw-mul/libc.a(makebuf.o)
 .comment       0x00000c21       0x2d /cygdrive/c/altera/10.1sp1/nios2eds/bin/nios2-gnutools/H-i686-pc-cygwin/bin/../lib/gcc/nios2-elf/3.4.6/../../../../nios2-elf/lib/mno-hw-mul/libc.a(stdio.o)
 .comment       0x00000c4e       0x2d /cygdrive/c/altera/10.1sp1/nios2eds/bin/nios2-gnutools/H-i686-pc-cygwin/bin/../lib/gcc/nios2-elf/3.4.6/../../../../nios2-elf/lib/mno-hw-mul/libc.a(writer.o)
 .comment       0x00000c7b       0x2d /cygdrive/c/altera/10.1sp1/nios2eds/bin/nios2-gnutools/H-i686-pc-cygwin/bin/../lib/gcc/nios2-elf/3.4.6/../../../../nios2-elf/lib/mno-hw-mul/libc.a(closer.o)
 .comment       0x00000ca8       0x2d /cygdrive/c/altera/10.1sp1/nios2eds/bin/nios2-gnutools/H-i686-pc-cygwin/bin/../lib/gcc/nios2-elf/3.4.6/../../../../nios2-elf/lib/mno-hw-mul/libc.a(fstatr.o)
 .comment       0x00000cd5       0x2d /cygdrive/c/altera/10.1sp1/nios2eds/bin/nios2-gnutools/H-i686-pc-cygwin/bin/../lib/gcc/nios2-elf/3.4.6/../../../../nios2-elf/lib/mno-hw-mul/libc.a(lseekr.o)
 .comment       0x00000d02       0x2d /cygdrive/c/altera/10.1sp1/nios2eds/bin/nios2-gnutools/H-i686-pc-cygwin/bin/../lib/gcc/nios2-elf/3.4.6/../../../../nios2-elf/lib/mno-hw-mul/libc.a(readr.o)
 .comment       0x00000d2f       0x2d ./bsp/libhal_bsp.a(alt_close.o)
 .comment       0x00000d5c       0x2d ./bsp/libhal_bsp.a(alt_dcache_flush.o)
 .comment       0x00000d89       0x2d ./bsp/libhal_bsp.a(alt_dcache_flush_all.o)
 .comment       0x00000db6       0x2d ./bsp/libhal_bsp.a(alt_dev.o)
 .comment       0x00000de3       0x2d ./bsp/libhal_bsp.a(alt_errno.o)
 .comment       0x00000e10       0x2d ./bsp/libhal_bsp.a(alt_flash_dev.o)
 .comment       0x00000e3d       0x2d ./bsp/libhal_bsp.a(alt_fstat.o)
 .comment       0x00000e6a       0x2d ./bsp/libhal_bsp.a(alt_icache_flush_all.o)
 .comment       0x00000e97       0x2d ./bsp/libhal_bsp.a(alt_irq_register.o)
 .comment       0x00000ec4       0x2d ./bsp/libhal_bsp.a(alt_irq_vars.o)
 .comment       0x00000ef1       0x2d ./bsp/libhal_bsp.a(alt_isatty.o)
 .comment       0x00000f1e       0x2d ./bsp/libhal_bsp.a(alt_load.o)
 .comment       0x00000f4b       0x2d ./bsp/libhal_bsp.a(alt_lseek.o)
 .comment       0x00000f78       0x2d ./bsp/libhal_bsp.a(alt_main.o)
 .comment       0x00000fa5       0x2d ./bsp/libhal_bsp.a(alt_malloc_lock.o)
 .comment       0x00000fd2       0x2d ./bsp/libhal_bsp.a(alt_read.o)
 .comment       0x00000fff       0x2d ./bsp/libhal_bsp.a(alt_release_fd.o)
 .comment       0x0000102c       0x2d ./bsp/libhal_bsp.a(alt_remap_uncached.o)
 .comment       0x00001059       0x2d ./bsp/libhal_bsp.a(alt_sbrk.o)
 .comment       0x00001086       0x2d ./bsp/libhal_bsp.a(alt_tick.o)
 .comment       0x000010b3       0x2d ./bsp/libhal_bsp.a(alt_usleep.o)
 .comment       0x000010e0       0x2d ./bsp/libhal_bsp.a(alt_write.o)
 .comment       0x0000110d       0x2d ./bsp/libhal_bsp.a(alt_sys_init.o)
 .comment       0x0000113a       0x2d ./bsp/libhal_bsp.a(altera_avalon_epcs_flash_controller.o)
 .comment       0x00001167       0x2d ./bsp/libhal_bsp.a(altera_avalon_jtag_uart_fd.o)
 .comment       0x00001194       0x2d ./bsp/libhal_bsp.a(altera_avalon_jtag_uart_init.o)
 .comment       0x000011c1       0x2d ./bsp/libhal_bsp.a(altera_avalon_jtag_uart_ioctl.o)
 .comment       0x000011ee       0x2d ./bsp/libhal_bsp.a(altera_avalon_jtag_uart_read.o)
 .comment       0x0000121b       0x2d ./bsp/libhal_bsp.a(altera_avalon_jtag_uart_write.o)
 .comment       0x00001248       0x2d ./bsp/libhal_bsp.a(altera_avalon_sysid.o)
 .comment       0x00001275       0x2d ./bsp/libhal_bsp.a(altera_avalon_timer_sc.o)
 .comment       0x000012a2       0x2d ./bsp/libhal_bsp.a(epcs_commands.o)
 .comment       0x000012cf       0x2d ./bsp/libhal_bsp.a(alt_alarm_start.o)
 .comment       0x000012fc       0x2d ./bsp/libhal_bsp.a(alt_busy_sleep.o)
 .comment       0x00001329       0x2d ./bsp/libhal_bsp.a(alt_dev_llist_insert.o)
 .comment       0x00001356       0x2d ./bsp/libhal_bsp.a(alt_do_ctors.o)
 .comment       0x00001383       0x2d ./bsp/libhal_bsp.a(alt_do_dtors.o)
 .comment       0x000013b0       0x2d ./bsp/libhal_bsp.a(alt_find_dev.o)
 .comment       0x000013dd       0x2d ./bsp/libhal_bsp.a(alt_icache_flush.o)
 .comment       0x0000140a       0x2d ./bsp/libhal_bsp.a(alt_iic.o)
 .comment       0x00001437       0x2d ./bsp/libhal_bsp.a(alt_iic_isr_register.o)
 .comment       0x00001464       0x2d ./bsp/libhal_bsp.a(alt_io_redirect.o)
 .comment       0x00001491       0x2d ./bsp/libhal_bsp.a(alt_irq_handler.o)
 .comment       0x000014be       0x2d ./bsp/libhal_bsp.a(alt_open.o)
 .comment       0x000014eb       0x2d ./bsp/libhal_bsp.a(altera_nios2_irq.o)
 .comment       0x00001518       0x2d ./bsp/libhal_bsp.a(altera_avalon_spi.o)
 .comment       0x00001545       0x2d ./bsp/libhal_bsp.a(alt_find_file.o)
 .comment       0x00001572       0x2d ./bsp/libhal_bsp.a(alt_get_fd.o)
 .comment       0x0000159f       0x2d /cygdrive/c/altera/10.1sp1/nios2eds/bin/nios2-gnutools/H-i686-pc-cygwin/bin/../lib/gcc/nios2-elf/3.4.6/../../../../nios2-elf/lib/mno-hw-mul/libc.a(atexit.o)
 .comment       0x000015cc       0x2d /cygdrive/c/altera/10.1sp1/nios2eds/bin/nios2-gnutools/H-i686-pc-cygwin/bin/../lib/gcc/nios2-elf/3.4.6/../../../../nios2-elf/lib/mno-hw-mul/libc.a(exit.o)
 .comment       0x000015f9       0x2d ./bsp/libhal_bsp.a(alt_exit.o)

.debug
 *(.debug)

.line
 *(.line)

.debug_srcinfo
 *(.debug_srcinfo)

.debug_sfnames
 *(.debug_sfnames)

.debug_aranges  0x00000000      0xfb8
 *(.debug_aranges)
 .debug_aranges
                0x00000000       0x28 ./bsp/obj/HAL/src/crt0.o
 .debug_aranges
                0x00000028       0x20 obj/main.o
 .debug_aranges
                0x00000048       0x20 obj/Objdict.o
 .debug_aranges
                0x00000068       0x20 obj/EdrvOpenMac.o
 .debug_aranges
                0x00000088       0x20 obj/EplTgtTimeStamp_OpenMac.o
 .debug_aranges
                0x000000a8       0x20 obj/EplTimerSynck_OpenMac.o
 .debug_aranges
                0x000000c8       0x20 obj/omethlib.o
 .debug_aranges
                0x000000e8       0x20 obj/omethlibint.o
 .debug_aranges
                0x00000108       0x20 obj/EplApiGeneric.o
 .debug_aranges
                0x00000128       0x20 obj/EplDllk.o
 .debug_aranges
                0x00000148       0x20 obj/EplDllkCal.o
 .debug_aranges
                0x00000168       0x20 obj/EplDlluCal.o
 .debug_aranges
                0x00000188       0x20 obj/EplErrorHandlerk.o
 .debug_aranges
                0x000001a8       0x20 obj/EplEventk.o
 .debug_aranges
                0x000001c8       0x20 obj/EplEventu.o
 .debug_aranges
                0x000001e8       0x20 obj/EplLedu.o
 .debug_aranges
                0x00000208       0x20 obj/EplNmtCnu.o
 .debug_aranges
                0x00000228       0x20 obj/EplNmtk.o
 .debug_aranges
                0x00000248       0x20 obj/EplNmtu.o
 .debug_aranges
                0x00000268       0x20 obj/EplObd.o
 .debug_aranges
                0x00000288       0x20 obj/EplPdok.o
 .debug_aranges
                0x000002a8       0x20 obj/EplPdokCal.o
 .debug_aranges
                0x000002c8       0x20 obj/EplPdou.o
 .debug_aranges
                0x000002e8       0x20 obj/EplPdouCal.o
 .debug_aranges
                0x00000308       0x20 obj/EplSdoAsndu.o
 .debug_aranges
                0x00000328       0x20 obj/EplSdoAsySequ.o
 .debug_aranges
                0x00000348       0x20 obj/EplSdoComu.o
 .debug_aranges
                0x00000368       0x20 obj/EplTimeruGeneric.o
 .debug_aranges
                0x00000388       0x20 obj/amiarm.o
 .debug_aranges
                0x000003a8       0x20 obj/SharedBuff.o
 .debug_aranges
                0x000003c8       0x20 obj/ShbIpc-NoOS.o
 .debug_aranges
                0x000003e8       0x20 obj/ShbTarget_Nios2.o
 .debug_aranges
                0x00000408       0x20 obj/boot.o
 .debug_aranges
                0x00000428       0x20 obj/fpgaCfg.o
 .debug_aranges
                0x00000448       0x20 obj/fwUpdate.o
 .debug_aranges
                0x00000468       0x20 obj/crc32.o
 .debug_aranges
                0x00000488       0x20 /cygdrive/c/altera/10.1sp1/nios2eds/bin/nios2-gnutools/H-i686-pc-cygwin/bin/../lib/gcc/nios2-elf/3.4.6/mno-hw-mul/libgcc.a(_muldi3.o)
 .debug_aranges
                0x000004a8       0x20 /cygdrive/c/altera/10.1sp1/nios2eds/bin/nios2-gnutools/H-i686-pc-cygwin/bin/../lib/gcc/nios2-elf/3.4.6/mno-hw-mul/libgcc.a(_gt_sf.o)
 .debug_aranges
                0x000004c8       0x20 /cygdrive/c/altera/10.1sp1/nios2eds/bin/nios2-gnutools/H-i686-pc-cygwin/bin/../lib/gcc/nios2-elf/3.4.6/mno-hw-mul/libgcc.a(_lt_sf.o)
 .debug_aranges
                0x000004e8       0x20 /cygdrive/c/altera/10.1sp1/nios2eds/bin/nios2-gnutools/H-i686-pc-cygwin/bin/../lib/gcc/nios2-elf/3.4.6/mno-hw-mul/libgcc.a(_gt_df.o)
 .debug_aranges
                0x00000508       0x20 /cygdrive/c/altera/10.1sp1/nios2eds/bin/nios2-gnutools/H-i686-pc-cygwin/bin/../lib/gcc/nios2-elf/3.4.6/mno-hw-mul/libgcc.a(_lt_df.o)
 .debug_aranges
                0x00000528       0x20 /cygdrive/c/altera/10.1sp1/nios2eds/bin/nios2-gnutools/H-i686-pc-cygwin/bin/../lib/gcc/nios2-elf/3.4.6/mno-hw-mul/libgcc.a(lib2-divmod.o)
 .debug_aranges
                0x00000548       0x20 /cygdrive/c/altera/10.1sp1/nios2eds/bin/nios2-gnutools/H-i686-pc-cygwin/bin/../lib/gcc/nios2-elf/3.4.6/mno-hw-mul/libgcc.a(lib2-mul.o)
 .debug_aranges
                0x00000568       0x20 /cygdrive/c/altera/10.1sp1/nios2eds/bin/nios2-gnutools/H-i686-pc-cygwin/bin/../lib/gcc/nios2-elf/3.4.6/mno-hw-mul/libgcc.a(_unpack_sf.o)
 .debug_aranges
                0x00000588       0x20 /cygdrive/c/altera/10.1sp1/nios2eds/bin/nios2-gnutools/H-i686-pc-cygwin/bin/../lib/gcc/nios2-elf/3.4.6/mno-hw-mul/libgcc.a(_fpcmp_parts_sf.o)
 .debug_aranges
                0x000005a8       0x20 /cygdrive/c/altera/10.1sp1/nios2eds/bin/nios2-gnutools/H-i686-pc-cygwin/bin/../lib/gcc/nios2-elf/3.4.6/mno-hw-mul/libgcc.a(_unpack_df.o)
 .debug_aranges
                0x000005c8       0x20 /cygdrive/c/altera/10.1sp1/nios2eds/bin/nios2-gnutools/H-i686-pc-cygwin/bin/../lib/gcc/nios2-elf/3.4.6/mno-hw-mul/libgcc.a(_fpcmp_parts_df.o)
 .debug_aranges
                0x000005e8       0x20 /cygdrive/c/altera/10.1sp1/nios2eds/bin/nios2-gnutools/H-i686-pc-cygwin/bin/../lib/gcc/nios2-elf/3.4.6/../../../../nios2-elf/lib/mno-hw-mul/libc.a(calloc.o)
 .debug_aranges
                0x00000608       0x20 /cygdrive/c/altera/10.1sp1/nios2eds/bin/nios2-gnutools/H-i686-pc-cygwin/bin/../lib/gcc/nios2-elf/3.4.6/../../../../nios2-elf/lib/mno-hw-mul/libc.a(callocr.o)
 .debug_aranges
                0x00000628       0x20 /cygdrive/c/altera/10.1sp1/nios2eds/bin/nios2-gnutools/H-i686-pc-cygwin/bin/../lib/gcc/nios2-elf/3.4.6/../../../../nios2-elf/lib/mno-hw-mul/libc.a(malloc.o)
 .debug_aranges
                0x00000648       0x20 /cygdrive/c/altera/10.1sp1/nios2eds/bin/nios2-gnutools/H-i686-pc-cygwin/bin/../lib/gcc/nios2-elf/3.4.6/../../../../nios2-elf/lib/mno-hw-mul/libc.a(mallocr.o)
 .debug_aranges
                0x00000668       0x20 /cygdrive/c/altera/10.1sp1/nios2eds/bin/nios2-gnutools/H-i686-pc-cygwin/bin/../lib/gcc/nios2-elf/3.4.6/../../../../nios2-elf/lib/mno-hw-mul/libc.a(memcmp.o)
 .debug_aranges
                0x00000688       0x20 /cygdrive/c/altera/10.1sp1/nios2eds/bin/nios2-gnutools/H-i686-pc-cygwin/bin/../lib/gcc/nios2-elf/3.4.6/../../../../nios2-elf/lib/mno-hw-mul/libc.a(memcpy.o)
 .debug_aranges
                0x000006a8       0x20 /cygdrive/c/altera/10.1sp1/nios2eds/bin/nios2-gnutools/H-i686-pc-cygwin/bin/../lib/gcc/nios2-elf/3.4.6/../../../../nios2-elf/lib/mno-hw-mul/libc.a(memset.o)
 .debug_aranges
                0x000006c8       0x20 /cygdrive/c/altera/10.1sp1/nios2eds/bin/nios2-gnutools/H-i686-pc-cygwin/bin/../lib/gcc/nios2-elf/3.4.6/../../../../nios2-elf/lib/mno-hw-mul/libc.a(puts.o)
 .debug_aranges
                0x000006e8       0x20 /cygdrive/c/altera/10.1sp1/nios2eds/bin/nios2-gnutools/H-i686-pc-cygwin/bin/../lib/gcc/nios2-elf/3.4.6/../../../../nios2-elf/lib/mno-hw-mul/libc.a(sbrkr.o)
 .debug_aranges
                0x00000708       0x20 /cygdrive/c/altera/10.1sp1/nios2eds/bin/nios2-gnutools/H-i686-pc-cygwin/bin/../lib/gcc/nios2-elf/3.4.6/../../../../nios2-elf/lib/mno-hw-mul/libc.a(strlen.o)
 .debug_aranges
                0x00000728       0x20 /cygdrive/c/altera/10.1sp1/nios2eds/bin/nios2-gnutools/H-i686-pc-cygwin/bin/../lib/gcc/nios2-elf/3.4.6/../../../../nios2-elf/lib/mno-hw-mul/libc.a(freer.o)
 .debug_aranges
                0x00000748       0x20 /cygdrive/c/altera/10.1sp1/nios2eds/bin/nios2-gnutools/H-i686-pc-cygwin/bin/../lib/gcc/nios2-elf/3.4.6/../../../../nios2-elf/lib/mno-hw-mul/libc.a(fvwrite.o)
 .debug_aranges
                0x00000768       0x20 /cygdrive/c/altera/10.1sp1/nios2eds/bin/nios2-gnutools/H-i686-pc-cygwin/bin/../lib/gcc/nios2-elf/3.4.6/../../../../nios2-elf/lib/mno-hw-mul/libc.a(memchr.o)
 .debug_aranges
                0x00000788       0x20 /cygdrive/c/altera/10.1sp1/nios2eds/bin/nios2-gnutools/H-i686-pc-cygwin/bin/../lib/gcc/nios2-elf/3.4.6/../../../../nios2-elf/lib/mno-hw-mul/libc.a(memmove.o)
 .debug_aranges
                0x000007a8       0x20 /cygdrive/c/altera/10.1sp1/nios2eds/bin/nios2-gnutools/H-i686-pc-cygwin/bin/../lib/gcc/nios2-elf/3.4.6/../../../../nios2-elf/lib/mno-hw-mul/libc.a(reallocr.o)
 .debug_aranges
                0x000007c8       0x20 /cygdrive/c/altera/10.1sp1/nios2eds/bin/nios2-gnutools/H-i686-pc-cygwin/bin/../lib/gcc/nios2-elf/3.4.6/../../../../nios2-elf/lib/mno-hw-mul/libc.a(wsetup.o)
 .debug_aranges
                0x000007e8       0x20 /cygdrive/c/altera/10.1sp1/nios2eds/bin/nios2-gnutools/H-i686-pc-cygwin/bin/../lib/gcc/nios2-elf/3.4.6/../../../../nios2-elf/lib/mno-hw-mul/libc.a(fflush.o)
 .debug_aranges
                0x00000808       0x20 /cygdrive/c/altera/10.1sp1/nios2eds/bin/nios2-gnutools/H-i686-pc-cygwin/bin/../lib/gcc/nios2-elf/3.4.6/../../../../nios2-elf/lib/mno-hw-mul/libc.a(findfp.o)
 .debug_aranges
                0x00000828       0x20 /cygdrive/c/altera/10.1sp1/nios2eds/bin/nios2-gnutools/H-i686-pc-cygwin/bin/../lib/gcc/nios2-elf/3.4.6/../../../../nios2-elf/lib/mno-hw-mul/libc.a(fwalk.o)
 .debug_aranges
                0x00000848       0x20 /cygdrive/c/altera/10.1sp1/nios2eds/bin/nios2-gnutools/H-i686-pc-cygwin/bin/../lib/gcc/nios2-elf/3.4.6/../../../../nios2-elf/lib/mno-hw-mul/libc.a(makebuf.o)
 .debug_aranges
                0x00000868       0x20 /cygdrive/c/altera/10.1sp1/nios2eds/bin/nios2-gnutools/H-i686-pc-cygwin/bin/../lib/gcc/nios2-elf/3.4.6/../../../../nios2-elf/lib/mno-hw-mul/libc.a(stdio.o)
 .debug_aranges
                0x00000888       0x20 /cygdrive/c/altera/10.1sp1/nios2eds/bin/nios2-gnutools/H-i686-pc-cygwin/bin/../lib/gcc/nios2-elf/3.4.6/../../../../nios2-elf/lib/mno-hw-mul/libc.a(writer.o)
 .debug_aranges
                0x000008a8       0x20 /cygdrive/c/altera/10.1sp1/nios2eds/bin/nios2-gnutools/H-i686-pc-cygwin/bin/../lib/gcc/nios2-elf/3.4.6/../../../../nios2-elf/lib/mno-hw-mul/libc.a(closer.o)
 .debug_aranges
                0x000008c8       0x20 /cygdrive/c/altera/10.1sp1/nios2eds/bin/nios2-gnutools/H-i686-pc-cygwin/bin/../lib/gcc/nios2-elf/3.4.6/../../../../nios2-elf/lib/mno-hw-mul/libc.a(fstatr.o)
 .debug_aranges
                0x000008e8       0x20 /cygdrive/c/altera/10.1sp1/nios2eds/bin/nios2-gnutools/H-i686-pc-cygwin/bin/../lib/gcc/nios2-elf/3.4.6/../../../../nios2-elf/lib/mno-hw-mul/libc.a(lseekr.o)
 .debug_aranges
                0x00000908       0x20 /cygdrive/c/altera/10.1sp1/nios2eds/bin/nios2-gnutools/H-i686-pc-cygwin/bin/../lib/gcc/nios2-elf/3.4.6/../../../../nios2-elf/lib/mno-hw-mul/libc.a(readr.o)
 .debug_aranges
                0x00000928       0x20 ./bsp/libhal_bsp.a(alt_close.o)
 .debug_aranges
                0x00000948       0x20 ./bsp/libhal_bsp.a(alt_dcache_flush.o)
 .debug_aranges
                0x00000968       0x20 ./bsp/libhal_bsp.a(alt_dcache_flush_all.o)
 .debug_aranges
                0x00000988       0x20 ./bsp/libhal_bsp.a(alt_dev.o)
 .debug_aranges
                0x000009a8       0x20 ./bsp/libhal_bsp.a(alt_flash_dev.o)
 .debug_aranges
                0x000009c8       0x20 ./bsp/libhal_bsp.a(alt_fstat.o)
 .debug_aranges
                0x000009e8       0x20 ./bsp/libhal_bsp.a(alt_icache_flush_all.o)
 .debug_aranges
                0x00000a08       0x20 ./bsp/libhal_bsp.a(alt_irq_register.o)
 .debug_aranges
                0x00000a28       0x20 ./bsp/libhal_bsp.a(alt_isatty.o)
 .debug_aranges
                0x00000a48       0x20 ./bsp/libhal_bsp.a(alt_load.o)
 .debug_aranges
                0x00000a68       0x20 ./bsp/libhal_bsp.a(alt_lseek.o)
 .debug_aranges
                0x00000a88       0x20 ./bsp/libhal_bsp.a(alt_main.o)
 .debug_aranges
                0x00000aa8       0x20 ./bsp/libhal_bsp.a(alt_malloc_lock.o)
 .debug_aranges
                0x00000ac8       0x20 ./bsp/libhal_bsp.a(alt_read.o)
 .debug_aranges
                0x00000ae8       0x20 ./bsp/libhal_bsp.a(alt_release_fd.o)
 .debug_aranges
                0x00000b08       0x20 ./bsp/libhal_bsp.a(alt_remap_uncached.o)
 .debug_aranges
                0x00000b28       0x20 ./bsp/libhal_bsp.a(alt_sbrk.o)
 .debug_aranges
                0x00000b48       0x20 ./bsp/libhal_bsp.a(alt_tick.o)
 .debug_aranges
                0x00000b68       0x20 ./bsp/libhal_bsp.a(alt_usleep.o)
 .debug_aranges
                0x00000b88       0x20 ./bsp/libhal_bsp.a(alt_write.o)
 .debug_aranges
                0x00000ba8       0x20 ./bsp/libhal_bsp.a(alt_sys_init.o)
 .debug_aranges
                0x00000bc8       0x20 ./bsp/libhal_bsp.a(altera_avalon_epcs_flash_controller.o)
 .debug_aranges
                0x00000be8       0x20 ./bsp/libhal_bsp.a(altera_avalon_jtag_uart_fd.o)
 .debug_aranges
                0x00000c08       0x20 ./bsp/libhal_bsp.a(altera_avalon_jtag_uart_init.o)
 .debug_aranges
                0x00000c28       0x20 ./bsp/libhal_bsp.a(altera_avalon_jtag_uart_ioctl.o)
 .debug_aranges
                0x00000c48       0x20 ./bsp/libhal_bsp.a(altera_avalon_jtag_uart_read.o)
 .debug_aranges
                0x00000c68       0x20 ./bsp/libhal_bsp.a(altera_avalon_jtag_uart_write.o)
 .debug_aranges
                0x00000c88       0x20 ./bsp/libhal_bsp.a(altera_avalon_sysid.o)
 .debug_aranges
                0x00000ca8       0x20 ./bsp/libhal_bsp.a(altera_avalon_timer_sc.o)
 .debug_aranges
                0x00000cc8       0x20 ./bsp/libhal_bsp.a(epcs_commands.o)
 .debug_aranges
                0x00000ce8       0x20 ./bsp/libhal_bsp.a(alt_alarm_start.o)
 .debug_aranges
                0x00000d08       0x20 ./bsp/libhal_bsp.a(alt_busy_sleep.o)
 .debug_aranges
                0x00000d28       0x20 ./bsp/libhal_bsp.a(alt_dev_llist_insert.o)
 .debug_aranges
                0x00000d48       0x20 ./bsp/libhal_bsp.a(alt_do_ctors.o)
 .debug_aranges
                0x00000d68       0x20 ./bsp/libhal_bsp.a(alt_do_dtors.o)
 .debug_aranges
                0x00000d88       0x20 ./bsp/libhal_bsp.a(alt_find_dev.o)
 .debug_aranges
                0x00000da8       0x20 ./bsp/libhal_bsp.a(alt_icache_flush.o)
 .debug_aranges
                0x00000dc8       0x20 ./bsp/libhal_bsp.a(alt_iic.o)
 .debug_aranges
                0x00000de8       0x20 ./bsp/libhal_bsp.a(alt_iic_isr_register.o)
 .debug_aranges
                0x00000e08       0x20 ./bsp/libhal_bsp.a(alt_io_redirect.o)
 .debug_aranges
                0x00000e28       0x30 ./bsp/libhal_bsp.a(alt_irq_entry.o)
 .debug_aranges
                0x00000e58       0x28 ./bsp/libhal_bsp.a(alt_irq_handler.o)
 .debug_aranges
                0x00000e80       0x20 ./bsp/libhal_bsp.a(alt_open.o)
 .debug_aranges
                0x00000ea0       0x20 ./bsp/libhal_bsp.a(altera_nios2_irq.o)
 .debug_aranges
                0x00000ec0       0x20 ./bsp/libhal_bsp.a(altera_avalon_spi.o)
 .debug_aranges
                0x00000ee0       0x38 ./bsp/libhal_bsp.a(alt_exception_entry.o)
 .debug_aranges
                0x00000f18       0x20 ./bsp/libhal_bsp.a(alt_find_file.o)
 .debug_aranges
                0x00000f38       0x20 ./bsp/libhal_bsp.a(alt_get_fd.o)
 .debug_aranges
                0x00000f58       0x20 /cygdrive/c/altera/10.1sp1/nios2eds/bin/nios2-gnutools/H-i686-pc-cygwin/bin/../lib/gcc/nios2-elf/3.4.6/../../../../nios2-elf/lib/mno-hw-mul/libc.a(atexit.o)
 .debug_aranges
                0x00000f78       0x20 /cygdrive/c/altera/10.1sp1/nios2eds/bin/nios2-gnutools/H-i686-pc-cygwin/bin/../lib/gcc/nios2-elf/3.4.6/../../../../nios2-elf/lib/mno-hw-mul/libc.a(exit.o)
 .debug_aranges
                0x00000f98       0x20 ./bsp/libhal_bsp.a(alt_exit.o)

.debug_pubnames
                0x00000000     0x348a
 *(.debug_pubnames)
 .debug_pubnames
                0x00000000      0x207 obj/main.o
 .debug_pubnames
                0x00000207       0x24 obj/Objdict.o
 .debug_pubnames
                0x0000022b      0x107 obj/EdrvOpenMac.o
 .debug_pubnames
                0x00000332       0x79 obj/EplTgtTimeStamp_OpenMac.o
 .debug_pubnames
                0x000003ab      0x18b obj/EplTimerSynck_OpenMac.o
 .debug_pubnames
                0x00000536      0x47d obj/omethlib.o
 .debug_pubnames
                0x000009b3       0x87 obj/omethlibint.o
 .debug_pubnames
                0x00000a3a      0x134 obj/EplApiGeneric.o
 .debug_pubnames
                0x00000b6e      0x163 obj/EplDllk.o
 .debug_pubnames
                0x00000cd1      0x10c obj/EplDllkCal.o
 .debug_pubnames
                0x00000ddd      0x108 obj/EplDlluCal.o
 .debug_pubnames
                0x00000ee5       0xc7 obj/EplErrorHandlerk.o
 .debug_pubnames
                0x00000fac       0x94 obj/EplEventk.o
 .debug_pubnames
                0x00001040       0x94 obj/EplEventu.o
 .debug_pubnames
                0x000010d4       0x84 obj/EplLedu.o
 .debug_pubnames
                0x00001158       0x94 obj/EplNmtCnu.o
 .debug_pubnames
                0x000011ec       0x63 obj/EplNmtk.o
 .debug_pubnames
                0x0000124f       0xb4 obj/EplNmtu.o
 .debug_pubnames
                0x00001303      0x1da obj/EplObd.o
 .debug_pubnames
                0x000014dd       0x82 obj/EplPdok.o
 .debug_pubnames
                0x0000155f       0x5c obj/EplPdokCal.o
 .debug_pubnames
                0x000015bb       0x9a obj/EplPdou.o
 .debug_pubnames
                0x00001655       0x79 obj/EplPdouCal.o
 .debug_pubnames
                0x000016ce       0xb3 obj/EplSdoAsndu.o
 .debug_pubnames
                0x00001781      0x125 obj/EplSdoAsySequ.o
 .debug_pubnames
                0x000018a6      0x137 obj/EplSdoComu.o
 .debug_pubnames
                0x000019dd       0xd6 obj/EplTimeruGeneric.o
 .debug_pubnames
                0x00001ab3      0x2aa obj/amiarm.o
 .debug_pubnames
                0x00001d5d      0x213 obj/SharedBuff.o
 .debug_pubnames
                0x00001f70      0x12f obj/ShbIpc-NoOS.o
 .debug_pubnames
                0x0000209f       0x68 obj/ShbTarget_Nios2.o
 .debug_pubnames
                0x00002107       0x52 obj/boot.o
 .debug_pubnames
                0x00002159      0x1f7 obj/fpgaCfg.o
 .debug_pubnames
                0x00002350       0x77 obj/fwUpdate.o
 .debug_pubnames
                0x000023c7       0x1c obj/crc32.o
 .debug_pubnames
                0x000023e3       0x1f /cygdrive/c/altera/10.1sp1/nios2eds/bin/nios2-gnutools/H-i686-pc-cygwin/bin/../lib/gcc/nios2-elf/3.4.6/mno-hw-mul/libgcc.a(_muldi3.o)
 .debug_pubnames
                0x00002402       0x1e /cygdrive/c/altera/10.1sp1/nios2eds/bin/nios2-gnutools/H-i686-pc-cygwin/bin/../lib/gcc/nios2-elf/3.4.6/mno-hw-mul/libgcc.a(_gt_sf.o)
 .debug_pubnames
                0x00002420       0x1e /cygdrive/c/altera/10.1sp1/nios2eds/bin/nios2-gnutools/H-i686-pc-cygwin/bin/../lib/gcc/nios2-elf/3.4.6/mno-hw-mul/libgcc.a(_lt_sf.o)
 .debug_pubnames
                0x0000243e       0x1e /cygdrive/c/altera/10.1sp1/nios2eds/bin/nios2-gnutools/H-i686-pc-cygwin/bin/../lib/gcc/nios2-elf/3.4.6/mno-hw-mul/libgcc.a(_gt_df.o)
 .debug_pubnames
                0x0000245c       0x1e /cygdrive/c/altera/10.1sp1/nios2eds/bin/nios2-gnutools/H-i686-pc-cygwin/bin/../lib/gcc/nios2-elf/3.4.6/mno-hw-mul/libgcc.a(_lt_df.o)
 .debug_pubnames
                0x0000247a       0x48 /cygdrive/c/altera/10.1sp1/nios2eds/bin/nios2-gnutools/H-i686-pc-cygwin/bin/../lib/gcc/nios2-elf/3.4.6/mno-hw-mul/libgcc.a(lib2-divmod.o)
 .debug_pubnames
                0x000024c2       0x1f /cygdrive/c/altera/10.1sp1/nios2eds/bin/nios2-gnutools/H-i686-pc-cygwin/bin/../lib/gcc/nios2-elf/3.4.6/mno-hw-mul/libgcc.a(lib2-mul.o)
 .debug_pubnames
                0x000024e1       0x21 /cygdrive/c/altera/10.1sp1/nios2eds/bin/nios2-gnutools/H-i686-pc-cygwin/bin/../lib/gcc/nios2-elf/3.4.6/mno-hw-mul/libgcc.a(_unpack_sf.o)
 .debug_pubnames
                0x00002502       0x26 /cygdrive/c/altera/10.1sp1/nios2eds/bin/nios2-gnutools/H-i686-pc-cygwin/bin/../lib/gcc/nios2-elf/3.4.6/mno-hw-mul/libgcc.a(_fpcmp_parts_sf.o)
 .debug_pubnames
                0x00002528       0x21 /cygdrive/c/altera/10.1sp1/nios2eds/bin/nios2-gnutools/H-i686-pc-cygwin/bin/../lib/gcc/nios2-elf/3.4.6/mno-hw-mul/libgcc.a(_unpack_df.o)
 .debug_pubnames
                0x00002549       0x26 /cygdrive/c/altera/10.1sp1/nios2eds/bin/nios2-gnutools/H-i686-pc-cygwin/bin/../lib/gcc/nios2-elf/3.4.6/mno-hw-mul/libgcc.a(_fpcmp_parts_df.o)
 .debug_pubnames
                0x0000256f       0x1d /cygdrive/c/altera/10.1sp1/nios2eds/bin/nios2-gnutools/H-i686-pc-cygwin/bin/../lib/gcc/nios2-elf/3.4.6/../../../../nios2-elf/lib/mno-hw-mul/libc.a(calloc.o)
 .debug_pubnames
                0x0000258c       0x20 /cygdrive/c/altera/10.1sp1/nios2eds/bin/nios2-gnutools/H-i686-pc-cygwin/bin/../lib/gcc/nios2-elf/3.4.6/../../../../nios2-elf/lib/mno-hw-mul/libc.a(callocr.o)
 .debug_pubnames